Nov 06 14:33:54 bastion kernel: Linux version 6.12.48+deb13-amd64 (debian-kernel@lists.debian.org) (x86_64-linux-gnu-gcc-14 (Debian 14.2.0-19) 14.2.0, GNU ld (GNU Binutils for Debian) 2.44) #1 SMP PREEMPT_DYNAMIC Debian 6.12.48-1 (2025-09-20)
Nov 06 14:33:54 bastion kernel: Command line: BOOT_IMAGE=/boot/vmlinuz-6.12.48+deb13-amd64 root=UUID=0fd712d0-1aa0-4a59-a7ef-9dbf987e7d7e ro quiet
Nov 06 14:33:54 bastion kernel: BIOS-provided physical RAM map:
Nov 06 14:33:54 bastion kernel: BIOS-e820: [mem 0x0000000000000000-0x000000000009fbff] usable
Nov 06 14:33:54 bastion kernel: BIOS-e820: [mem 0x000000000009fc00-0x000000000009ffff] reserved
Nov 06 14:33:54 bastion kernel: BIOS-e820: [mem 0x00000000000f0000-0x00000000000fffff] reserved
Nov 06 14:33:54 bastion kernel: BIOS-e820: [mem 0x0000000000100000-0x000000003ffeffff] usable
Nov 06 14:33:54 bastion kernel: BIOS-e820: [mem 0x000000003fff0000-0x000000003fffffff] ACPI data
Nov 06 14:33:54 bastion kernel: BIOS-e820: [mem 0x00000000fec00000-0x00000000fec00fff] reserved
Nov 06 14:33:54 bastion kernel: BIOS-e820: [mem 0x00000000fee00000-0x00000000fee00fff] reserved
Nov 06 14:33:54 bastion kernel: BIOS-e820: [mem 0x00000000fffc0000-0x00000000ffffffff] reserved
Nov 06 14:33:54 bastion kernel: NX (Execute Disable) protection: active
Nov 06 14:33:54 bastion kernel: APIC: Static calls initialized
Nov 06 14:33:54 bastion kernel: SMBIOS 2.5 present.
Nov 06 14:33:54 bastion kernel: DMI: innotek GmbH VirtualBox/VirtualBox, BIOS VirtualBox 12/01/2006
Nov 06 14:33:54 bastion kernel: DMI: Memory slots populated: 0/0
Nov 06 14:33:54 bastion kernel: Hypervisor detected: KVM
Nov 06 14:33:54 bastion kernel: kvm-clock: Using msrs 4b564d01 and 4b564d00
Nov 06 14:33:54 bastion kernel: kvm-clock: using sched offset of 8526952512 cycles
Nov 06 14:33:54 bastion kernel: clocksource: kvm-clock: mask: 0xffffffffffffffff max_cycles: 0x1cd42e4dffb, max_idle_ns: 881590591483 ns
Nov 06 14:33:54 bastion kernel: tsc: Detected 2611.158 MHz processor
Nov 06 14:33:54 bastion kernel: e820: update [mem 0x00000000-0x00000fff] usable ==> reserved
Nov 06 14:33:54 bastion kernel: e820: remove [mem 0x000a0000-0x000fffff] usable
Nov 06 14:33:54 bastion kernel: last_pfn = 0x40000 max_arch_pfn = 0x400000000
Nov 06 14:33:54 bastion kernel: MTRR map: 4 entries (3 fixed + 1 variable; max 35), built from 16 variable MTRRs
Nov 06 14:33:54 bastion kernel: x86/PAT: Configuration [0-7]: WB  WC  UC- UC  WB  WP  UC- WT  
Nov 06 14:33:54 bastion kernel: found SMP MP-table at [mem 0x0009fbf0-0x0009fbff]
Nov 06 14:33:54 bastion kernel: RAMDISK: [mem 0x3212b000-0x3508cfff]
Nov 06 14:33:54 bastion kernel: ACPI: Early table checksum verification disabled
Nov 06 14:33:54 bastion kernel: ACPI: RSDP 0x00000000000E0000 000024 (v02 VBOX  )
Nov 06 14:33:54 bastion kernel: ACPI: XSDT 0x000000003FFF0030 00003C (v01 VBOX   VBOXXSDT 00000001 ASL  00000061)
Nov 06 14:33:54 bastion kernel: ACPI: FACP 0x000000003FFF00F0 0000F4 (v04 VBOX   VBOXFACP 00000001 ASL  00000061)
Nov 06 14:33:54 bastion kernel: ACPI: DSDT 0x000000003FFF02E0 002353 (v02 VBOX   VBOXBIOS 00000002 VBOX 000299F4)
Nov 06 14:33:54 bastion kernel: ACPI: FACS 0x000000003FFF0200 000040
Nov 06 14:33:54 bastion kernel: ACPI: FACS 0x000000003FFF0200 000040
Nov 06 14:33:54 bastion kernel: ACPI: APIC 0x000000003FFF0240 000054 (v02 VBOX   VBOXAPIC 00000001 ASL  00000061)
Nov 06 14:33:54 bastion kernel: ACPI: SSDT 0x000000003FFF02A0 000038 (v01 VBOX   VBOXCPUT 00000002 VBOX 000299F4)
Nov 06 14:33:54 bastion kernel: ACPI: Reserving FACP table memory at [mem 0x3fff00f0-0x3fff01e3]
Nov 06 14:33:54 bastion kernel: ACPI: Reserving DSDT table memory at [mem 0x3fff02e0-0x3fff2632]
Nov 06 14:33:54 bastion kernel: ACPI: Reserving FACS table memory at [mem 0x3fff0200-0x3fff023f]
Nov 06 14:33:54 bastion kernel: ACPI: Reserving FACS table memory at [mem 0x3fff0200-0x3fff023f]
Nov 06 14:33:54 bastion kernel: ACPI: Reserving APIC table memory at [mem 0x3fff0240-0x3fff0293]
Nov 06 14:33:54 bastion kernel: ACPI: Reserving SSDT table memory at [mem 0x3fff02a0-0x3fff02d7]
Nov 06 14:33:54 bastion kernel: No NUMA configuration found
Nov 06 14:33:54 bastion kernel: Faking a node at [mem 0x0000000000000000-0x000000003fffffff]
Nov 06 14:33:54 bastion kernel: NODE_DATA(0) allocated [mem 0x3ffc5680-0x3ffeffff]
Nov 06 14:33:54 bastion kernel: Zone ranges:
Nov 06 14:33:54 bastion kernel:   DMA      [mem 0x0000000000001000-0x0000000000ffffff]
Nov 06 14:33:54 bastion kernel:   DMA32    [mem 0x0000000001000000-0x000000003fffffff]
Nov 06 14:33:54 bastion kernel:   Normal   empty
Nov 06 14:33:54 bastion kernel:   Device   empty
Nov 06 14:33:54 bastion kernel: Movable zone start for each node
Nov 06 14:33:54 bastion kernel: Early memory node ranges
Nov 06 14:33:54 bastion kernel:   node   0: [mem 0x0000000000001000-0x000000000009efff]
Nov 06 14:33:54 bastion kernel:   node   0: [mem 0x0000000000100000-0x000000003ffeffff]
Nov 06 14:33:54 bastion kernel: Initmem setup node 0 [mem 0x0000000000001000-0x000000003ffeffff]
Nov 06 14:33:54 bastion kernel: On node 0, zone DMA: 1 pages in unavailable ranges
Nov 06 14:33:54 bastion kernel: On node 0, zone DMA: 97 pages in unavailable ranges
Nov 06 14:33:54 bastion kernel: On node 0, zone DMA32: 16 pages in unavailable ranges
Nov 06 14:33:54 bastion kernel: ACPI: PM-Timer IO Port: 0x4008
Nov 06 14:33:54 bastion kernel: IOAPIC[0]: apic_id 1, version 32, address 0xfec00000, GSI 0-23
Nov 06 14:33:54 bastion kernel: ACPI: INT_SRC_OVR (bus 0 bus_irq 0 global_irq 2 dfl dfl)
Nov 06 14:33:54 bastion kernel: ACPI: INT_SRC_OVR (bus 0 bus_irq 9 global_irq 9 low level)
Nov 06 14:33:54 bastion kernel: ACPI: Using ACPI (MADT) for SMP configuration information
Nov 06 14:33:54 bastion kernel: CPU topo: Max. logical packages:   1
Nov 06 14:33:54 bastion kernel: CPU topo: Max. logical dies:       1
Nov 06 14:33:54 bastion kernel: CPU topo: Max. dies per package:   1
Nov 06 14:33:54 bastion kernel: CPU topo: Max. threads per core:   1
Nov 06 14:33:54 bastion kernel: CPU topo: Num. cores per package:     1
Nov 06 14:33:54 bastion kernel: CPU topo: Num. threads per package:   1
Nov 06 14:33:54 bastion kernel: CPU topo: Allowing 1 present CPUs plus 0 hotplug CPUs
Nov 06 14:33:54 bastion kernel: PM: hibernation: Registered nosave memory: [mem 0x00000000-0x00000fff]
Nov 06 14:33:54 bastion kernel: PM: hibernation: Registered nosave memory: [mem 0x0009f000-0x000fffff]
Nov 06 14:33:54 bastion kernel: PM: hibernation: Registered nosave memory: [mem 0x3fff0000-0x3fffffff]
Nov 06 14:33:54 bastion kernel: [mem 0x40000000-0xfebfffff] available for PCI devices
Nov 06 14:33:54 bastion kernel: Booting paravirtualized kernel on KVM
Nov 06 14:33:54 bastion kernel: clocksource: refined-jiffies: mask: 0xffffffff max_cycles: 0xffffffff, max_idle_ns: 7645519600211568 ns
Nov 06 14:33:54 bastion kernel: setup_percpu: NR_CPUS:8192 nr_cpumask_bits:1 nr_cpu_ids:1 nr_node_ids:1
Nov 06 14:33:54 bastion kernel: percpu: Embedded 66 pages/cpu s233472 r8192 d28672 u2097152
Nov 06 14:33:54 bastion kernel: pcpu-alloc: s233472 r8192 d28672 u2097152 alloc=1*2097152
Nov 06 14:33:54 bastion kernel: pcpu-alloc: [0] 0 
Nov 06 14:33:54 bastion kernel: kvm-guest: PV spinlocks disabled, single CPU
Nov 06 14:33:54 bastion kernel: Kernel command line: BOOT_IMAGE=/boot/vmlinuz-6.12.48+deb13-amd64 root=UUID=0fd712d0-1aa0-4a59-a7ef-9dbf987e7d7e ro quiet
Nov 06 14:33:54 bastion kernel: Unknown kernel command line parameters "BOOT_IMAGE=/boot/vmlinuz-6.12.48+deb13-amd64", will be passed to user space.
Nov 06 14:33:54 bastion kernel: random: crng init done
Nov 06 14:33:54 bastion kernel: Dentry cache hash table entries: 131072 (order: 8, 1048576 bytes, linear)
Nov 06 14:33:54 bastion kernel: Inode-cache hash table entries: 65536 (order: 7, 524288 bytes, linear)
Nov 06 14:33:54 bastion kernel: Fallback order for Node 0: 0 
Nov 06 14:33:54 bastion kernel: Built 1 zonelists, mobility grouping on.  Total pages: 262030
Nov 06 14:33:54 bastion kernel: Policy zone: DMA32
Nov 06 14:33:54 bastion kernel: mem auto-init: stack:all(zero), heap alloc:on, heap free:off
Nov 06 14:33:54 bastion kernel: SLUB: HWalign=64, Order=0-3, MinObjects=0, CPUs=1, Nodes=1
Nov 06 14:33:54 bastion kernel: ftrace: allocating 45742 entries in 179 pages
Nov 06 14:33:54 bastion kernel: ftrace: allocated 179 pages with 5 groups
Nov 06 14:33:54 bastion kernel: Dynamic Preempt: voluntary
Nov 06 14:33:54 bastion kernel: rcu: Preemptible hierarchical RCU implementation.
Nov 06 14:33:54 bastion kernel: rcu:         RCU restricting CPUs from NR_CPUS=8192 to nr_cpu_ids=1.
Nov 06 14:33:54 bastion kernel:         Trampoline variant of Tasks RCU enabled.
Nov 06 14:33:54 bastion kernel:         Rude variant of Tasks RCU enabled.
Nov 06 14:33:54 bastion kernel:         Tracing variant of Tasks RCU enabled.
Nov 06 14:33:54 bastion kernel: rcu: RCU calculated value of scheduler-enlistment delay is 25 jiffies.
Nov 06 14:33:54 bastion kernel: rcu: Adjusting geometry for rcu_fanout_leaf=16, nr_cpu_ids=1
Nov 06 14:33:54 bastion kernel: RCU Tasks: Setting shift to 0 and lim to 1 rcu_task_cb_adjust=1 rcu_task_cpu_ids=1.
Nov 06 14:33:54 bastion kernel: RCU Tasks Rude: Setting shift to 0 and lim to 1 rcu_task_cb_adjust=1 rcu_task_cpu_ids=1.
Nov 06 14:33:54 bastion kernel: RCU Tasks Trace: Setting shift to 0 and lim to 1 rcu_task_cb_adjust=1 rcu_task_cpu_ids=1.
Nov 06 14:33:54 bastion kernel: NR_IRQS: 524544, nr_irqs: 256, preallocated irqs: 16
Nov 06 14:33:54 bastion kernel: rcu: srcu_init: Setting srcu_struct sizes based on contention.
Nov 06 14:33:54 bastion kernel: Console: colour VGA+ 80x25
Nov 06 14:33:54 bastion kernel: printk: legacy console [tty0] enabled
Nov 06 14:33:54 bastion kernel: ACPI: Core revision 20240827
Nov 06 14:33:54 bastion kernel: APIC: Switch to symmetric I/O mode setup
Nov 06 14:33:54 bastion kernel: x2apic enabled
Nov 06 14:33:54 bastion kernel: APIC: Switched APIC routing to: physical x2apic
Nov 06 14:33:54 bastion kernel: ..TIMER: vector=0x30 apic1=0 pin1=2 apic2=-1 pin2=-1
Nov 06 14:33:54 bastion kernel: clocksource: tsc-early: mask: 0xffffffffffffffff max_cycles: 0x25a368b3579, max_idle_ns: 440795217404 ns
Nov 06 14:33:54 bastion kernel: Calibrating delay loop (skipped) preset value.. 5222.31 BogoMIPS (lpj=10444632)
Nov 06 14:33:54 bastion kernel: Last level iTLB entries: 4KB 0, 2MB 0, 4MB 0
Nov 06 14:33:54 bastion kernel: Last level dTLB entries: 4KB 0, 2MB 0, 4MB 0, 1GB 0
Nov 06 14:33:54 bastion kernel: process: using mwait in idle threads
Nov 06 14:33:54 bastion kernel: Spectre V1 : Mitigation: usercopy/swapgs barriers and __user pointer sanitization
Nov 06 14:33:54 bastion kernel: Spectre V2 : Spectre BHI mitigation: SW BHB clearing on syscall and VM exit
Nov 06 14:33:54 bastion kernel: Spectre V2 : Mitigation: Retpolines
Nov 06 14:33:54 bastion kernel: Spectre V2 : Spectre v2 / SpectreRSB: Filling RSB on context switch and VMEXIT
Nov 06 14:33:54 bastion kernel: Speculative Store Bypass: Vulnerable
Nov 06 14:33:54 bastion kernel: Register File Data Sampling: Mitigation: Clear Register File
Nov 06 14:33:54 bastion kernel: active return thunk: its_return_thunk
Nov 06 14:33:54 bastion kernel: ITS: Mitigation: Aligned branch/return thunks
Nov 06 14:33:54 bastion kernel: x86/fpu: Supporting XSAVE feature 0x001: 'x87 floating point registers'
Nov 06 14:33:54 bastion kernel: x86/fpu: Supporting XSAVE feature 0x002: 'SSE registers'
Nov 06 14:33:54 bastion kernel: x86/fpu: Supporting XSAVE feature 0x004: 'AVX registers'
Nov 06 14:33:54 bastion kernel: x86/fpu: xstate_offset[2]:  576, xstate_sizes[2]:  256
Nov 06 14:33:54 bastion kernel: x86/fpu: Enabled xstate features 0x7, context size is 832 bytes, using 'standard' format.
Nov 06 14:33:54 bastion kernel: Freeing SMP alternatives memory: 40K
Nov 06 14:33:54 bastion kernel: pid_max: default: 32768 minimum: 301
Nov 06 14:33:54 bastion kernel: LSM: initializing lsm=lockdown,capability,landlock,yama,apparmor,tomoyo,bpf,ipe,ima,evm
Nov 06 14:33:54 bastion kernel: landlock: Up and running.
Nov 06 14:33:54 bastion kernel: Yama: disabled by default; enable with sysctl kernel.yama.*
Nov 06 14:33:54 bastion kernel: AppArmor: AppArmor initialized
Nov 06 14:33:54 bastion kernel: TOMOYO Linux initialized
Nov 06 14:33:54 bastion kernel: LSM support for eBPF active
Nov 06 14:33:54 bastion kernel: Mount-cache hash table entries: 2048 (order: 2, 16384 bytes, linear)
Nov 06 14:33:54 bastion kernel: Mountpoint-cache hash table entries: 2048 (order: 2, 16384 bytes, linear)
Nov 06 14:33:54 bastion kernel: smpboot: CPU0: 13th Gen Intel(R) Core(TM) i7-1355U (family: 0x6, model: 0xba, stepping: 0x3)
Nov 06 14:33:54 bastion kernel: Performance Events: unsupported p6 CPU model 186 no PMU driver, software events only.
Nov 06 14:33:54 bastion kernel: signal: max sigframe size: 1776
Nov 06 14:33:54 bastion kernel: rcu: Hierarchical SRCU implementation.
Nov 06 14:33:54 bastion kernel: rcu:         Max phase no-delay instances is 1000.
Nov 06 14:33:54 bastion kernel: NMI watchdog: Perf NMI watchdog permanently disabled
Nov 06 14:33:54 bastion kernel: smp: Bringing up secondary CPUs ...
Nov 06 14:33:54 bastion kernel: smp: Brought up 1 node, 1 CPU
Nov 06 14:33:54 bastion kernel: smpboot: Total of 1 processors activated (5222.31 BogoMIPS)
Nov 06 14:33:54 bastion kernel: node 0 deferred pages initialised in 0ms
Nov 06 14:33:54 bastion kernel: Memory: 931916K/1048120K available (16384K kernel code, 2497K rwdata, 11800K rodata, 4148K init, 4936K bss, 112656K reserved, 0K cma-reserved)
Nov 06 14:33:54 bastion kernel: devtmpfs: initialized
Nov 06 14:33:54 bastion kernel: x86/mm: Memory block size: 128MB
Nov 06 14:33:54 bastion kernel: clocksource: jiffies: mask: 0xffffffff max_cycles: 0xffffffff, max_idle_ns: 7645041785100000 ns
Nov 06 14:33:54 bastion kernel: futex hash table entries: 256 (order: 2, 16384 bytes, linear)
Nov 06 14:33:54 bastion kernel: pinctrl core: initialized pinctrl subsystem
Nov 06 14:33:54 bastion kernel: NET: Registered PF_NETLINK/PF_ROUTE protocol family
Nov 06 14:33:54 bastion kernel: DMA: preallocated 128 KiB GFP_KERNEL pool for atomic allocations
Nov 06 14:33:54 bastion kernel: DMA: preallocated 128 KiB GFP_KERNEL|GFP_DMA pool for atomic allocations
Nov 06 14:33:54 bastion kernel: DMA: preallocated 128 KiB GFP_KERNEL|GFP_DMA32 pool for atomic allocations
Nov 06 14:33:54 bastion kernel: audit: initializing netlink subsys (disabled)
Nov 06 14:33:54 bastion kernel: audit: type=2000 audit(1762464840.925:1): state=initialized audit_enabled=0 res=1
Nov 06 14:33:54 bastion kernel: thermal_sys: Registered thermal governor 'fair_share'
Nov 06 14:33:54 bastion kernel: thermal_sys: Registered thermal governor 'bang_bang'
Nov 06 14:33:54 bastion kernel: thermal_sys: Registered thermal governor 'step_wise'
Nov 06 14:33:54 bastion kernel: thermal_sys: Registered thermal governor 'user_space'
Nov 06 14:33:54 bastion kernel: thermal_sys: Registered thermal governor 'power_allocator'
Nov 06 14:33:54 bastion kernel: cpuidle: using governor ladder
Nov 06 14:33:54 bastion kernel: cpuidle: using governor menu
Nov 06 14:33:54 bastion kernel: acpiphp: ACPI Hot Plug PCI Controller Driver version: 0.5
Nov 06 14:33:54 bastion kernel: PCI: Using configuration type 1 for base access
Nov 06 14:33:54 bastion kernel: kprobes: kprobe jump-optimization is enabled. All kprobes are optimized if possible.
Nov 06 14:33:54 bastion kernel: HugeTLB: registered 2.00 MiB page size, pre-allocated 0 pages
Nov 06 14:33:54 bastion kernel: HugeTLB: 28 KiB vmemmap can be freed for a 2.00 MiB page
Nov 06 14:33:54 bastion kernel: ACPI: Added _OSI(Module Device)
Nov 06 14:33:54 bastion kernel: ACPI: Added _OSI(Processor Device)
Nov 06 14:33:54 bastion kernel: ACPI: Added _OSI(Processor Aggregator Device)
Nov 06 14:33:54 bastion kernel: ACPI: 2 ACPI AML tables successfully acquired and loaded
Nov 06 14:33:54 bastion kernel: ACPI: Interpreter enabled
Nov 06 14:33:54 bastion kernel: ACPI: PM: (supports S0 S5)
Nov 06 14:33:54 bastion kernel: ACPI: Using IOAPIC for interrupt routing
Nov 06 14:33:54 bastion kernel: PCI: Using host bridge windows from ACPI; if necessary, use "pci=nocrs" and report a bug
Nov 06 14:33:54 bastion kernel: PCI: Using E820 reservations for host bridge windows
Nov 06 14:33:54 bastion kernel: ACPI: Enabled 2 GPEs in block 00 to 07
Nov 06 14:33:54 bastion kernel: ACPI: PCI Root Bridge [PCI0] (domain 0000 [bus 00-ff])
Nov 06 14:33:54 bastion kernel: acpi PNP0A03:00: _OSC: OS supports [ASPM ClockPM Segments MSI HPX-Type3]
Nov 06 14:33:54 bastion kernel: acpi PNP0A03:00: _OSC: not requesting OS control; OS requires [ExtendedConfig ASPM ClockPM MSI]
Nov 06 14:33:54 bastion kernel: acpi PNP0A03:00: fail to add MMCONFIG information, can't access extended configuration space under this bridge
Nov 06 14:33:54 bastion kernel: PCI host bridge to bus 0000:00
Nov 06 14:33:54 bastion kernel: pci_bus 0000:00: root bus resource [io  0x0000-0x0cf7 window]
Nov 06 14:33:54 bastion kernel: pci_bus 0000:00: root bus resource [io  0x0d00-0xffff window]
Nov 06 14:33:54 bastion kernel: pci_bus 0000:00: root bus resource [mem 0x000a0000-0x000bffff window]
Nov 06 14:33:54 bastion kernel: pci_bus 0000:00: root bus resource [mem 0x40000000-0xfdffffff window]
Nov 06 14:33:54 bastion kernel: pci_bus 0000:00: root bus resource [bus 00-ff]
Nov 06 14:33:54 bastion kernel: pci 0000:00:00.0: [8086:1237] type 00 class 0x060000 conventional PCI endpoint
Nov 06 14:33:54 bastion kernel: pci 0000:00:01.0: [8086:7000] type 00 class 0x060100 conventional PCI endpoint
Nov 06 14:33:54 bastion kernel: pci 0000:00:01.1: [8086:7111] type 00 class 0x01018a conventional PCI endpoint
Nov 06 14:33:54 bastion kernel: pci 0000:00:01.1: BAR 4 [io  0xd000-0xd00f]
Nov 06 14:33:54 bastion kernel: pci 0000:00:01.1: BAR 0 [io  0x01f0-0x01f7]: legacy IDE quirk
Nov 06 14:33:54 bastion kernel: pci 0000:00:01.1: BAR 1 [io  0x03f6]: legacy IDE quirk
Nov 06 14:33:54 bastion kernel: pci 0000:00:01.1: BAR 2 [io  0x0170-0x0177]: legacy IDE quirk
Nov 06 14:33:54 bastion kernel: pci 0000:00:01.1: BAR 3 [io  0x0376]: legacy IDE quirk
Nov 06 14:33:54 bastion kernel: pci 0000:00:02.0: [15ad:0405] type 00 class 0x030000 conventional PCI endpoint
Nov 06 14:33:54 bastion kernel: pci 0000:00:02.0: BAR 0 [io  0xd010-0xd01f]
Nov 06 14:33:54 bastion kernel: pci 0000:00:02.0: BAR 1 [mem 0xe0000000-0xe0ffffff pref]
Nov 06 14:33:54 bastion kernel: pci 0000:00:02.0: BAR 2 [mem 0xf0000000-0xf01fffff]
Nov 06 14:33:54 bastion kernel: pci 0000:00:02.0: Video device with shadowed ROM at [mem 0x000c0000-0x000dffff]
Nov 06 14:33:54 bastion kernel: pci 0000:00:03.0: [8086:100e] type 00 class 0x020000 conventional PCI endpoint
Nov 06 14:33:54 bastion kernel: pci 0000:00:03.0: BAR 0 [mem 0xf0200000-0xf021ffff]
Nov 06 14:33:54 bastion kernel: pci 0000:00:03.0: BAR 2 [io  0xd020-0xd027]
Nov 06 14:33:54 bastion kernel: pci 0000:00:04.0: [80ee:cafe] type 00 class 0x088000 conventional PCI endpoint
Nov 06 14:33:54 bastion kernel: pci 0000:00:04.0: BAR 0 [io  0xd040-0xd05f]
Nov 06 14:33:54 bastion kernel: pci 0000:00:04.0: BAR 1 [mem 0xf0400000-0xf07fffff]
Nov 06 14:33:54 bastion kernel: pci 0000:00:04.0: BAR 2 [mem 0xf0800000-0xf0803fff pref]
Nov 06 14:33:54 bastion kernel: pci 0000:00:05.0: [8086:2415] type 00 class 0x040100 conventional PCI endpoint
Nov 06 14:33:54 bastion kernel: pci 0000:00:05.0: BAR 0 [io  0xd100-0xd1ff]
Nov 06 14:33:54 bastion kernel: pci 0000:00:05.0: BAR 1 [io  0xd200-0xd23f]
Nov 06 14:33:54 bastion kernel: pci 0000:00:06.0: [106b:003f] type 00 class 0x0c0310 conventional PCI endpoint
Nov 06 14:33:54 bastion kernel: pci 0000:00:06.0: BAR 0 [mem 0xf0804000-0xf0804fff]
Nov 06 14:33:54 bastion kernel: pci 0000:00:07.0: [8086:7113] type 00 class 0x068000 conventional PCI endpoint
Nov 06 14:33:54 bastion kernel: pci 0000:00:07.0: quirk: [io  0x4000-0x403f] claimed by PIIX4 ACPI
Nov 06 14:33:54 bastion kernel: pci 0000:00:07.0: quirk: [io  0x4100-0x410f] claimed by PIIX4 SMB
Nov 06 14:33:54 bastion kernel: pci 0000:00:08.0: [8086:100e] type 00 class 0x020000 conventional PCI endpoint
Nov 06 14:33:54 bastion kernel: pci 0000:00:08.0: BAR 0 [mem 0xf0820000-0xf083ffff]
Nov 06 14:33:54 bastion kernel: pci 0000:00:08.0: BAR 2 [io  0xd240-0xd247]
Nov 06 14:33:54 bastion kernel: pci 0000:00:0b.0: [8086:265c] type 00 class 0x0c0320 conventional PCI endpoint
Nov 06 14:33:54 bastion kernel: pci 0000:00:0b.0: BAR 0 [mem 0xf0840000-0xf0840fff]
Nov 06 14:33:54 bastion kernel: pci 0000:00:0d.0: [8086:2829] type 00 class 0x010601 conventional PCI endpoint
Nov 06 14:33:54 bastion kernel: pci 0000:00:0d.0: BAR 0 [io  0xd248-0xd24f]
Nov 06 14:33:54 bastion kernel: pci 0000:00:0d.0: BAR 1 [io  0xd250-0xd253]
Nov 06 14:33:54 bastion kernel: pci 0000:00:0d.0: BAR 2 [io  0xd258-0xd25f]
Nov 06 14:33:54 bastion kernel: pci 0000:00:0d.0: BAR 3 [io  0xd260-0xd263]
Nov 06 14:33:54 bastion kernel: pci 0000:00:0d.0: BAR 4 [io  0xd270-0xd27f]
Nov 06 14:33:54 bastion kernel: pci 0000:00:0d.0: BAR 5 [mem 0xf0842000-0xf0843fff]
Nov 06 14:33:54 bastion kernel: ACPI: PCI: Interrupt link LNKA configured for IRQ 11
Nov 06 14:33:54 bastion kernel: ACPI: PCI: Interrupt link LNKB configured for IRQ 10
Nov 06 14:33:54 bastion kernel: ACPI: PCI: Interrupt link LNKC configured for IRQ 9
Nov 06 14:33:54 bastion kernel: ACPI: PCI: Interrupt link LNKD configured for IRQ 11
Nov 06 14:33:54 bastion kernel: iommu: Default domain type: Translated
Nov 06 14:33:54 bastion kernel: iommu: DMA domain TLB invalidation policy: lazy mode
Nov 06 14:33:54 bastion kernel: pps_core: LinuxPPS API ver. 1 registered
Nov 06 14:33:54 bastion kernel: pps_core: Software ver. 5.3.6 - Copyright 2005-2007 Rodolfo Giometti <giometti@linux.it>
Nov 06 14:33:54 bastion kernel: PTP clock support registered
Nov 06 14:33:54 bastion kernel: EDAC MC: Ver: 3.0.0
Nov 06 14:33:54 bastion kernel: NetLabel: Initializing
Nov 06 14:33:54 bastion kernel: NetLabel:  domain hash size = 128
Nov 06 14:33:54 bastion kernel: NetLabel:  protocols = UNLABELED CIPSOv4 CALIPSO
Nov 06 14:33:54 bastion kernel: NetLabel:  unlabeled traffic allowed by default
Nov 06 14:33:54 bastion kernel: PCI: Using ACPI for IRQ routing
Nov 06 14:33:54 bastion kernel: PCI: pci_cache_line_size set to 64 bytes
Nov 06 14:33:54 bastion kernel: e820: reserve RAM buffer [mem 0x0009fc00-0x0009ffff]
Nov 06 14:33:54 bastion kernel: e820: reserve RAM buffer [mem 0x3fff0000-0x3fffffff]
Nov 06 14:33:54 bastion kernel: pci 0000:00:02.0: vgaarb: setting as boot VGA device
Nov 06 14:33:54 bastion kernel: pci 0000:00:02.0: vgaarb: bridge control possible
Nov 06 14:33:54 bastion kernel: pci 0000:00:02.0: vgaarb: VGA device added: decodes=io+mem,owns=io+mem,locks=none
Nov 06 14:33:54 bastion kernel: vgaarb: loaded
Nov 06 14:33:54 bastion kernel: clocksource: Switched to clocksource kvm-clock
Nov 06 14:33:54 bastion kernel: VFS: Disk quotas dquot_6.6.0
Nov 06 14:33:54 bastion kernel: VFS: Dquot-cache hash table entries: 512 (order 0, 4096 bytes)
Nov 06 14:33:54 bastion kernel: AppArmor: AppArmor Filesystem Enabled
Nov 06 14:33:54 bastion kernel: pnp: PnP ACPI init
Nov 06 14:33:54 bastion kernel: pnp: PnP ACPI: found 2 devices
Nov 06 14:33:54 bastion kernel: clocksource: acpi_pm: mask: 0xffffff max_cycles: 0xffffff, max_idle_ns: 2085701024 ns
Nov 06 14:33:54 bastion kernel: NET: Registered PF_INET protocol family
Nov 06 14:33:54 bastion kernel: IP idents hash table entries: 16384 (order: 5, 131072 bytes, linear)
Nov 06 14:33:54 bastion kernel: tcp_listen_portaddr_hash hash table entries: 512 (order: 1, 8192 bytes, linear)
Nov 06 14:33:54 bastion kernel: Table-perturb hash table entries: 65536 (order: 6, 262144 bytes, linear)
Nov 06 14:33:54 bastion kernel: TCP established hash table entries: 8192 (order: 4, 65536 bytes, linear)
Nov 06 14:33:54 bastion kernel: TCP bind hash table entries: 8192 (order: 6, 262144 bytes, linear)
Nov 06 14:33:54 bastion kernel: TCP: Hash tables configured (established 8192 bind 8192)
Nov 06 14:33:54 bastion kernel: MPTCP token hash table entries: 1024 (order: 2, 24576 bytes, linear)
Nov 06 14:33:54 bastion kernel: UDP hash table entries: 512 (order: 2, 16384 bytes, linear)
Nov 06 14:33:54 bastion kernel: UDP-Lite hash table entries: 512 (order: 2, 16384 bytes, linear)
Nov 06 14:33:54 bastion kernel: NET: Registered PF_UNIX/PF_LOCAL protocol family
Nov 06 14:33:54 bastion kernel: NET: Registered PF_XDP protocol family
Nov 06 14:33:54 bastion kernel: pci_bus 0000:00: resource 4 [io  0x0000-0x0cf7 window]
Nov 06 14:33:54 bastion kernel: pci_bus 0000:00: resource 5 [io  0x0d00-0xffff window]
Nov 06 14:33:54 bastion kernel: pci_bus 0000:00: resource 6 [mem 0x000a0000-0x000bffff window]
Nov 06 14:33:54 bastion kernel: pci_bus 0000:00: resource 7 [mem 0x40000000-0xfdffffff window]
Nov 06 14:33:54 bastion kernel: pci 0000:00:00.0: Limiting direct PCI/PCI transfers
Nov 06 14:33:54 bastion kernel: PCI: CLS 0 bytes, default 64
Nov 06 14:33:54 bastion kernel: Trying to unpack rootfs image as initramfs...
Nov 06 14:33:54 bastion kernel: clocksource: tsc: mask: 0xffffffffffffffff max_cycles: 0x25a368b3579, max_idle_ns: 440795217404 ns
Nov 06 14:33:54 bastion kernel: clocksource: Switched to clocksource tsc
Nov 06 14:33:54 bastion kernel: platform rtc_cmos: registered platform RTC device (no PNP device found)
Nov 06 14:33:54 bastion kernel: Initialise system trusted keyrings
Nov 06 14:33:54 bastion kernel: Key type blacklist registered
Nov 06 14:33:54 bastion kernel: workingset: timestamp_bits=36 max_order=18 bucket_order=0
Nov 06 14:33:54 bastion kernel: zbud: loaded
Nov 06 14:33:54 bastion kernel: fuse: init (API version 7.41)
Nov 06 14:33:54 bastion kernel: integrity: Platform Keyring initialized
Nov 06 14:33:54 bastion kernel: integrity: Machine keyring initialized
Nov 06 14:33:54 bastion kernel: Key type asymmetric registered
Nov 06 14:33:54 bastion kernel: Asymmetric key parser 'x509' registered
Nov 06 14:33:54 bastion kernel: Freeing initrd memory: 48520K
Nov 06 14:33:54 bastion kernel: Block layer SCSI generic (bsg) driver version 0.4 loaded (major 246)
Nov 06 14:33:54 bastion kernel: io scheduler mq-deadline registered
Nov 06 14:33:54 bastion kernel: ledtrig-cpu: registered to indicate activity on CPUs
Nov 06 14:33:54 bastion kernel: shpchp: Standard Hot Plug PCI Controller Driver version: 0.4
Nov 06 14:33:54 bastion kernel: Serial: 8250/16550 driver, 4 ports, IRQ sharing enabled
Nov 06 14:33:54 bastion kernel: Linux agpgart interface v0.103
Nov 06 14:33:54 bastion kernel: i8042: PNP: PS/2 Controller [PNP0303:PS2K,PNP0f03:PS2M] at 0x60,0x64 irq 1,12
Nov 06 14:33:54 bastion kernel: serio: i8042 KBD port at 0x60,0x64 irq 1
Nov 06 14:33:54 bastion kernel: serio: i8042 AUX port at 0x60,0x64 irq 12
Nov 06 14:33:54 bastion kernel: mousedev: PS/2 mouse device common for all mice
Nov 06 14:33:54 bastion kernel: input: AT Translated Set 2 keyboard as /devices/platform/i8042/serio0/input/input0
Nov 06 14:33:54 bastion kernel: rtc_cmos rtc_cmos: registered as rtc0
Nov 06 14:33:54 bastion kernel: rtc_cmos rtc_cmos: setting system clock to 2025-11-06T21:33:52 UTC (1762464832)
Nov 06 14:33:54 bastion kernel: rtc_cmos rtc_cmos: alarms up to one day, 114 bytes nvram
Nov 06 14:33:54 bastion kernel: intel_pstate: CPU model not supported
Nov 06 14:33:54 bastion kernel: NET: Registered PF_INET6 protocol family
Nov 06 14:33:54 bastion kernel: Segment Routing with IPv6
Nov 06 14:33:54 bastion kernel: In-situ OAM (IOAM) with IPv6
Nov 06 14:33:54 bastion kernel: mip6: Mobile IPv6
Nov 06 14:33:54 bastion kernel: NET: Registered PF_PACKET protocol family
Nov 06 14:33:54 bastion kernel: mpls_gso: MPLS GSO support
Nov 06 14:33:54 bastion kernel: IPI shorthand broadcast: enabled
Nov 06 14:33:54 bastion kernel: sched_clock: Marking stable (328270154, 8765316)->(337025543, 9927)
Nov 06 14:33:54 bastion kernel: registered taskstats version 1
Nov 06 14:33:54 bastion kernel: Loading compiled-in X.509 certificates
Nov 06 14:33:54 bastion kernel: Loaded X.509 cert 'Build time autogenerated kernel key: fb343046eae20e819e95f603536d646f69925118'
Nov 06 14:33:54 bastion kernel: Demotion targets for Node 0: null
Nov 06 14:33:54 bastion kernel: Key type .fscrypt registered
Nov 06 14:33:54 bastion kernel: Key type fscrypt-provisioning registered
Nov 06 14:33:54 bastion kernel: Key type encrypted registered
Nov 06 14:33:54 bastion kernel: AppArmor: AppArmor sha256 policy hashing enabled
Nov 06 14:33:54 bastion kernel: ima: No TPM chip found, activating TPM-bypass!
Nov 06 14:33:54 bastion kernel: ima: Allocated hash algorithm: sha256
Nov 06 14:33:54 bastion kernel: ima: No architecture policies found
Nov 06 14:33:54 bastion kernel: evm: Initialising EVM extended attributes:
Nov 06 14:33:54 bastion kernel: evm: security.selinux
Nov 06 14:33:54 bastion kernel: evm: security.SMACK64 (disabled)
Nov 06 14:33:54 bastion kernel: evm: security.SMACK64EXEC (disabled)
Nov 06 14:33:54 bastion kernel: evm: security.SMACK64TRANSMUTE (disabled)
Nov 06 14:33:54 bastion kernel: evm: security.SMACK64MMAP (disabled)
Nov 06 14:33:54 bastion kernel: evm: security.apparmor
Nov 06 14:33:54 bastion kernel: evm: security.ima
Nov 06 14:33:54 bastion kernel: evm: security.capability
Nov 06 14:33:54 bastion kernel: evm: HMAC attrs: 0x1
Nov 06 14:33:54 bastion kernel: RAS: Correctable Errors collector initialized.
Nov 06 14:33:54 bastion kernel: clk: Disabling unused clocks
Nov 06 14:33:54 bastion kernel: PM: genpd: Disabling unused power domains
Nov 06 14:33:54 bastion kernel: Freeing unused decrypted memory: 2028K
Nov 06 14:33:54 bastion kernel: Freeing unused kernel image (initmem) memory: 4148K
Nov 06 14:33:54 bastion kernel: Write protecting the kernel read-only data: 28672k
Nov 06 14:33:54 bastion kernel: Freeing unused kernel image (rodata/data gap) memory: 488K
Nov 06 14:33:54 bastion kernel: x86/mm: Checked W+X mappings: passed, no W+X pages found.
Nov 06 14:33:54 bastion kernel: Run /init as init process
Nov 06 14:33:54 bastion kernel:   with arguments:
Nov 06 14:33:54 bastion kernel:     /init
Nov 06 14:33:54 bastion kernel:   with environment:
Nov 06 14:33:54 bastion kernel:     HOME=/
Nov 06 14:33:54 bastion kernel:     TERM=linux
Nov 06 14:33:54 bastion kernel:     BOOT_IMAGE=/boot/vmlinuz-6.12.48+deb13-amd64
Nov 06 14:33:54 bastion kernel: e1000: Intel(R) PRO/1000 Network Driver
Nov 06 14:33:54 bastion kernel: e1000: Copyright (c) 1999-2006 Intel Corporation.
Nov 06 14:33:54 bastion kernel: piix4_smbus 0000:00:07.0: SMBus Host Controller at 0x4100, revision 0
Nov 06 14:33:54 bastion kernel: ACPI: battery: Slot [BAT0] (battery present)
Nov 06 14:33:54 bastion kernel: ACPI: bus type USB registered
Nov 06 14:33:54 bastion kernel: SCSI subsystem initialized
Nov 06 14:33:54 bastion kernel: ACPI: video: Video Device [GFX0] (multi-head: yes  rom: no  post: no)
Nov 06 14:33:54 bastion kernel: input: Video Bus as /devices/LNXSYSTM:00/LNXSYBUS:00/PNP0A03:00/LNXVIDEO:00/input/input2
Nov 06 14:33:54 bastion kernel: usbcore: registered new interface driver usbfs
Nov 06 14:33:54 bastion kernel: usbcore: registered new interface driver hub
Nov 06 14:33:54 bastion kernel: usbcore: registered new device driver usb
Nov 06 14:33:54 bastion kernel: input: ImExPS/2 Generic Explorer Mouse as /devices/platform/i8042/serio1/input/input3
Nov 06 14:33:54 bastion kernel: ehci-pci 0000:00:0b.0: EHCI Host Controller
Nov 06 14:33:54 bastion kernel: ehci-pci 0000:00:0b.0: new USB bus registered, assigned bus number 1
Nov 06 14:33:54 bastion kernel: ehci-pci 0000:00:0b.0: irq 19, io mem 0xf0840000
Nov 06 14:33:54 bastion kernel: ehci-pci 0000:00:0b.0: USB 2.0 started, EHCI 1.00
Nov 06 14:33:54 bastion kernel: usb usb1: New USB device found, idVendor=1d6b, idProduct=0002, bcdDevice= 6.12
Nov 06 14:33:54 bastion kernel: usb usb1: New USB device strings: Mfr=3, Product=2, SerialNumber=1
Nov 06 14:33:54 bastion kernel: usb usb1: Product: EHCI Host Controller
Nov 06 14:33:54 bastion kernel: usb usb1: Manufacturer: Linux 6.12.48+deb13-amd64 ehci_hcd
Nov 06 14:33:54 bastion kernel: usb usb1: SerialNumber: 0000:00:0b.0
Nov 06 14:33:54 bastion kernel: hub 1-0:1.0: USB hub found
Nov 06 14:33:54 bastion kernel: hub 1-0:1.0: 12 ports detected
Nov 06 14:33:54 bastion kernel: ohci-pci 0000:00:06.0: OHCI PCI host controller
Nov 06 14:33:54 bastion kernel: ohci-pci 0000:00:06.0: new USB bus registered, assigned bus number 2
Nov 06 14:33:54 bastion kernel: ohci-pci 0000:00:06.0: irq 22, io mem 0xf0804000
Nov 06 14:33:54 bastion kernel: libata version 3.00 loaded.
Nov 06 14:33:54 bastion kernel: ata_piix 0000:00:01.1: version 2.13
Nov 06 14:33:54 bastion kernel: scsi host0: ata_piix
Nov 06 14:33:54 bastion kernel: scsi host1: ata_piix
Nov 06 14:33:54 bastion kernel: ata1: PATA max UDMA/33 cmd 0x1f0 ctl 0x3f6 bmdma 0xd000 irq 14 lpm-pol 0
Nov 06 14:33:54 bastion kernel: ata2: PATA max UDMA/33 cmd 0x170 ctl 0x376 bmdma 0xd008 irq 15 lpm-pol 0
Nov 06 14:33:54 bastion kernel: usb usb2: New USB device found, idVendor=1d6b, idProduct=0001, bcdDevice= 6.12
Nov 06 14:33:54 bastion kernel: usb usb2: New USB device strings: Mfr=3, Product=2, SerialNumber=1
Nov 06 14:33:54 bastion kernel: usb usb2: Product: OHCI PCI host controller
Nov 06 14:33:54 bastion kernel: usb usb2: Manufacturer: Linux 6.12.48+deb13-amd64 ohci_hcd
Nov 06 14:33:54 bastion kernel: usb usb2: SerialNumber: 0000:00:06.0
Nov 06 14:33:54 bastion kernel: hub 2-0:1.0: USB hub found
Nov 06 14:33:54 bastion kernel: hub 2-0:1.0: 12 ports detected
Nov 06 14:33:54 bastion kernel: ata1.00: ATAPI: VBOX CD-ROM, 1.0, max UDMA/133
Nov 06 14:33:54 bastion kernel: scsi 0:0:0:0: CD-ROM            VBOX     CD-ROM           1.0  PQ: 0 ANSI: 5
Nov 06 14:33:54 bastion kernel: ahci 0000:00:0d.0: version 3.0
Nov 06 14:33:54 bastion kernel: ahci 0000:00:0d.0: SSS flag set, parallel bus scan disabled
Nov 06 14:33:54 bastion kernel: ahci 0000:00:0d.0: AHCI vers 0001.0100, 32 command slots, 3 Gbps, SATA mode
Nov 06 14:33:54 bastion kernel: ahci 0000:00:0d.0: 1/1 ports implemented (port mask 0x1)
Nov 06 14:33:54 bastion kernel: ahci 0000:00:0d.0: flags: 64bit ncq stag only ccc 
Nov 06 14:33:54 bastion kernel: scsi host2: ahci
Nov 06 14:33:54 bastion kernel: ata3: SATA max UDMA/133 abar m8192@0xf0842000 port 0xf0842100 irq 21 lpm-pol 1
Nov 06 14:33:54 bastion kernel: e1000 0000:00:03.0 eth0: (PCI:33MHz:32-bit) 08:00:27:8c:3c:6f
Nov 06 14:33:54 bastion kernel: e1000 0000:00:03.0 eth0: Intel(R) PRO/1000 Network Connection
Nov 06 14:33:54 bastion kernel: usb 2-1: new full-speed USB device number 2 using ohci-pci
Nov 06 14:33:54 bastion kernel: ata3: SATA link up 3.0 Gbps (SStatus 123 SControl 300)
Nov 06 14:33:54 bastion kernel: ata3.00: LPM support broken, forcing max_power
Nov 06 14:33:54 bastion kernel: ata3.00: ATA-6: VBOX HARDDISK, 1.0, max UDMA/133
Nov 06 14:33:54 bastion kernel: ata3.00: 20971520 sectors, multi 128: LBA48 NCQ (depth 32)
Nov 06 14:33:54 bastion kernel: ata3.00: LPM support broken, forcing max_power
Nov 06 14:33:54 bastion kernel: ata3.00: configured for UDMA/133
Nov 06 14:33:54 bastion kernel: scsi 2:0:0:0: Direct-Access     ATA      VBOX HARDDISK    1.0  PQ: 0 ANSI: 5
Nov 06 14:33:54 bastion kernel: sr 0:0:0:0: [sr0] scsi3-mmc drive: 32x/32x xa/form2 tray
Nov 06 14:33:54 bastion kernel: cdrom: Uniform CD-ROM driver Revision: 3.20
Nov 06 14:33:54 bastion kernel: usb 2-1: New USB device found, idVendor=80ee, idProduct=0021, bcdDevice= 1.00
Nov 06 14:33:54 bastion kernel: usb 2-1: New USB device strings: Mfr=1, Product=3, SerialNumber=0
Nov 06 14:33:54 bastion kernel: usb 2-1: Product: USB Tablet
Nov 06 14:33:54 bastion kernel: usb 2-1: Manufacturer: VirtualBox
Nov 06 14:33:54 bastion kernel: sr 0:0:0:0: Attached scsi CD-ROM sr0
Nov 06 14:33:54 bastion kernel: sd 2:0:0:0: [sda] 20971520 512-byte logical blocks: (10.7 GB/10.0 GiB)
Nov 06 14:33:54 bastion kernel: sd 2:0:0:0: [sda] Write Protect is off
Nov 06 14:33:54 bastion kernel: sd 2:0:0:0: [sda] Mode Sense: 00 3a 00 00
Nov 06 14:33:54 bastion kernel: sd 2:0:0:0: [sda] Write cache: enabled, read cache: enabled, doesn't support DPO or FUA
Nov 06 14:33:54 bastion kernel: sd 2:0:0:0: [sda] Preferred minimum I/O size 512 bytes
Nov 06 14:33:54 bastion kernel: hid: raw HID events driver (C) Jiri Kosina
Nov 06 14:33:54 bastion kernel:  sda: sda1 sda2 < sda5 sda6 sda7 >
Nov 06 14:33:54 bastion kernel: sd 2:0:0:0: [sda] Attached SCSI disk
Nov 06 14:33:54 bastion kernel: usbcore: registered new interface driver usbhid
Nov 06 14:33:54 bastion kernel: usbhid: USB HID core driver
Nov 06 14:33:54 bastion kernel: input: VirtualBox USB Tablet as /devices/pci0000:00/0000:00:06.0/usb2/2-1/2-1:1.0/0003:80EE:0021.0001/input/input4
Nov 06 14:33:54 bastion kernel: hid-generic 0003:80EE:0021.0001: input,hidraw0: USB HID v1.10 Mouse [VirtualBox USB Tablet] on usb-0000:00:06.0-1/input0
Nov 06 14:33:54 bastion kernel: e1000 0000:00:08.0 eth1: (PCI:33MHz:32-bit) 08:00:27:a9:f0:32
Nov 06 14:33:54 bastion kernel: e1000 0000:00:08.0 eth1: Intel(R) PRO/1000 Network Connection
Nov 06 14:33:54 bastion kernel: e1000 0000:00:08.0 enp0s8: renamed from eth1
Nov 06 14:33:54 bastion kernel: e1000 0000:00:03.0 enp0s3: renamed from eth0
Nov 06 14:33:54 bastion kernel: PM: Image not found (code -22)
Nov 06 14:33:54 bastion kernel: EXT4-fs (sda1): orphan cleanup on readonly fs
Nov 06 14:33:54 bastion kernel: EXT4-fs (sda1): mounted filesystem 0fd712d0-1aa0-4a59-a7ef-9dbf987e7d7e ro with ordered data mode. Quota mode: none.
Nov 06 14:33:54 bastion kernel: Not activating Mandatory Access Control as /sbin/tomoyo-init does not exist.
Nov 06 14:33:54 bastion systemd[1]: Inserted module 'autofs4'
Nov 06 14:33:54 bastion systemd[1]: systemd 257.8-1~deb13u2 running in system mode (+PAM +AUDIT +SELINUX +APPARMOR +IMA +IPE +SMACK +SECCOMP +GCRYPT -GNUTLS +OPENSSL +ACL +BLKID +CURL +ELFUTILS +FIDO2 +IDN2 -IDN +IPTC +KMOD +LIBCRYPTSETUP +LIBCRYPTSETUP_PLUGINS +LIBFDISK +PCRE2 +PWQUALITY +P11KIT +QRENCODE +TPM2 +BZIP2 +LZ4 +XZ +ZLIB +ZSTD +BPF_FRAMEWORK +BTF -XKBCOMMON -UTMP +SYSVINIT +LIBARCHIVE)
Nov 06 14:33:54 bastion systemd[1]: Detected virtualization oracle.
Nov 06 14:33:54 bastion systemd[1]: Detected architecture x86-64.
Nov 06 14:33:54 bastion systemd[1]: Hostname set to <bastion>.
Nov 06 14:33:54 bastion systemd[1]: bpf-restrict-fs: LSM BPF program attached
Nov 06 14:33:54 bastion kernel: Guest personality initialized and is inactive
Nov 06 14:33:54 bastion kernel: VMCI host device registered (name=vmci, major=10, minor=123)
Nov 06 14:33:54 bastion kernel: Initialized host personality
Nov 06 14:33:54 bastion kernel: NET: Registered PF_VSOCK protocol family
Nov 06 14:33:54 bastion systemd[1]: Queued start job for default target graphical.target.
Nov 06 14:33:54 bastion systemd[1]: Created slice system-getty.slice - Slice /system/getty.
Nov 06 14:33:54 bastion systemd[1]: Created slice system-modprobe.slice - Slice /system/modprobe.
Nov 06 14:33:54 bastion systemd[1]: Created slice system-systemd\x2dfsck.slice - Slice /system/systemd-fsck.
Nov 06 14:33:54 bastion systemd[1]: Created slice user.slice - User and Session Slice.
Nov 06 14:33:54 bastion systemd[1]: Started systemd-ask-password-console.path - Dispatch Password Requests to Console Directory Watch.
Nov 06 14:33:54 bastion systemd[1]: Started systemd-ask-password-wall.path - Forward Password Requests to Wall Directory Watch.
Nov 06 14:33:54 bastion systemd[1]: Set up automount proc-sys-fs-binfmt_misc.automount - Arbitrary Executable File Formats File System Automount Point.
Nov 06 14:33:54 bastion systemd[1]: Expecting device dev-disk-by\x2duuid-0b862062\x2d225b\x2d43f3\x2d9a80\x2d24b514fa5cb5.device - /dev/disk/by-uuid/0b862062-225b-43f3-9a80-24b514fa5cb5...
Nov 06 14:33:54 bastion systemd[1]: Expecting device dev-disk-by\x2duuid-8b43e0a8\x2d3027\x2d46c1\x2d9f7b\x2de232f4b498f1.device - /dev/disk/by-uuid/8b43e0a8-3027-46c1-9f7b-e232f4b498f1...
Nov 06 14:33:54 bastion systemd[1]: Expecting device dev-disk-by\x2duuid-9a612aaf\x2db8fb\x2d4f22\x2da189\x2d202bceaee861.device - /dev/disk/by-uuid/9a612aaf-b8fb-4f22-a189-202bceaee861...
Nov 06 14:33:54 bastion systemd[1]: Reached target paths.target - Path Units.
Nov 06 14:33:54 bastion systemd[1]: Reached target remote-fs.target - Remote File Systems.
Nov 06 14:33:54 bastion systemd[1]: Reached target slices.target - Slice Units.
Nov 06 14:33:54 bastion systemd[1]: Listening on systemd-creds.socket - Credential Encryption/Decryption.
Nov 06 14:33:54 bastion systemd[1]: Listening on systemd-initctl.socket - initctl Compatibility Named Pipe.
Nov 06 14:33:54 bastion systemd[1]: Listening on systemd-journald-dev-log.socket - Journal Socket (/dev/log).
Nov 06 14:33:54 bastion systemd[1]: Listening on systemd-journald.socket - Journal Sockets.
Nov 06 14:33:54 bastion systemd[1]: systemd-pcrextend.socket - TPM PCR Measurements was skipped because of an unmet condition check (ConditionSecurity=measured-uki).
Nov 06 14:33:54 bastion systemd[1]: systemd-pcrlock.socket - Make TPM PCR Policy was skipped because of an unmet condition check (ConditionSecurity=measured-uki).
Nov 06 14:33:54 bastion systemd[1]: Listening on systemd-udevd-control.socket - udev Control Socket.
Nov 06 14:33:54 bastion systemd[1]: Listening on systemd-udevd-kernel.socket - udev Kernel Socket.
Nov 06 14:33:54 bastion systemd[1]: Mounting dev-hugepages.mount - Huge Pages File System...
Nov 06 14:33:54 bastion systemd[1]: Mounting dev-mqueue.mount - POSIX Message Queue File System...
Nov 06 14:33:54 bastion systemd[1]: Mounting run-lock.mount - Legacy Locks Directory /run/lock...
Nov 06 14:33:54 bastion systemd[1]: Mounting sys-kernel-debug.mount - Kernel Debug File System...
Nov 06 14:33:54 bastion systemd[1]: Mounting sys-kernel-tracing.mount - Kernel Trace File System...
Nov 06 14:33:54 bastion systemd[1]: Starting keyboard-setup.service - Set the console keyboard layout...
Nov 06 14:33:54 bastion systemd[1]: Starting kmod-static-nodes.service - Create List of Static Device Nodes...
Nov 06 14:33:54 bastion systemd[1]: Starting modprobe@configfs.service - Load Kernel Module configfs...
Nov 06 14:33:54 bastion systemd[1]: Starting modprobe@drm.service - Load Kernel Module drm...
Nov 06 14:33:54 bastion systemd[1]: Starting modprobe@efi_pstore.service - Load Kernel Module efi_pstore...
Nov 06 14:33:54 bastion systemd[1]: Starting modprobe@fuse.service - Load Kernel Module fuse...
Nov 06 14:33:54 bastion systemd[1]: systemd-fsck-root.service - File System Check on Root Device was skipped because of an unmet condition check (ConditionPathExists=!/run/initramfs/fsck-root).
Nov 06 14:33:54 bastion systemd[1]: systemd-hibernate-clear.service - Clear Stale Hibernate Storage Info was skipped because of an unmet condition check (ConditionPathExists=/sys/firmware/efi/efivars/HibernateLocation-8cf2644b-4b0b-428f-9387-6d876050dc67).
Nov 06 14:33:54 bastion systemd[1]: Starting systemd-journald.service - Journal Service...
Nov 06 14:33:54 bastion systemd[1]: Starting systemd-modules-load.service - Load Kernel Modules...
Nov 06 14:33:54 bastion systemd[1]: systemd-pcrmachine.service - TPM PCR Machine ID Measurement was skipped because of an unmet condition check (ConditionSecurity=measured-uki).
Nov 06 14:33:54 bastion systemd[1]: Starting systemd-remount-fs.service - Remount Root and Kernel File Systems...
Nov 06 14:33:54 bastion systemd[1]: systemd-tpm2-setup-early.service - Early TPM SRK Setup was skipped because of an unmet condition check (ConditionSecurity=measured-uki).
Nov 06 14:33:54 bastion systemd[1]: Starting systemd-udev-load-credentials.service - Load udev Rules from Credentials...
Nov 06 14:33:54 bastion kernel: ACPI: bus type drm_connector registered
Nov 06 14:33:54 bastion systemd[1]: Starting systemd-udev-trigger.service - Coldplug All udev Devices...
Nov 06 14:33:54 bastion systemd[1]: Mounted dev-hugepages.mount - Huge Pages File System.
Nov 06 14:33:54 bastion systemd[1]: Mounted dev-mqueue.mount - POSIX Message Queue File System.
Nov 06 14:33:54 bastion systemd[1]: Mounted run-lock.mount - Legacy Locks Directory /run/lock.
Nov 06 14:33:54 bastion systemd[1]: Mounted sys-kernel-debug.mount - Kernel Debug File System.
Nov 06 14:33:54 bastion systemd[1]: Mounted sys-kernel-tracing.mount - Kernel Trace File System.
Nov 06 14:33:54 bastion kernel: EXT4-fs (sda1): re-mounted 0fd712d0-1aa0-4a59-a7ef-9dbf987e7d7e r/w.
Nov 06 14:33:54 bastion systemd[1]: Finished keyboard-setup.service - Set the console keyboard layout.
Nov 06 14:33:54 bastion systemd[1]: Finished kmod-static-nodes.service - Create List of Static Device Nodes.
Nov 06 14:33:54 bastion systemd[1]: modprobe@configfs.service: Deactivated successfully.
Nov 06 14:33:54 bastion systemd[1]: Finished modprobe@configfs.service - Load Kernel Module configfs.
Nov 06 14:33:54 bastion systemd[1]: modprobe@drm.service: Deactivated successfully.
Nov 06 14:33:54 bastion systemd[1]: Finished modprobe@drm.service - Load Kernel Module drm.
Nov 06 14:33:54 bastion systemd[1]: modprobe@efi_pstore.service: Deactivated successfully.
Nov 06 14:33:54 bastion systemd[1]: Finished modprobe@efi_pstore.service - Load Kernel Module efi_pstore.
Nov 06 14:33:54 bastion systemd[1]: modprobe@fuse.service: Deactivated successfully.
Nov 06 14:33:54 bastion systemd[1]: Finished modprobe@fuse.service - Load Kernel Module fuse.
Nov 06 14:33:54 bastion systemd[1]: Finished systemd-modules-load.service - Load Kernel Modules.
Nov 06 14:33:54 bastion systemd[1]: Finished systemd-remount-fs.service - Remount Root and Kernel File Systems.
Nov 06 14:33:54 bastion systemd[1]: Mounting sys-fs-fuse-connections.mount - FUSE Control File System...
Nov 06 14:33:54 bastion systemd[1]: Mounting sys-kernel-config.mount - Kernel Configuration File System...
Nov 06 14:33:54 bastion systemd[1]: systemd-hwdb-update.service - Rebuild Hardware Database was skipped because no trigger condition checks were met.
Nov 06 14:33:54 bastion systemd[1]: Starting systemd-sysctl.service - Apply Kernel Variables...
Nov 06 14:33:54 bastion systemd-journald[250]: Collecting audit messages is disabled.
Nov 06 14:33:54 bastion systemd[1]: Starting systemd-tmpfiles-setup-dev-early.service - Create Static Device Nodes in /dev gracefully...
Nov 06 14:33:54 bastion systemd[1]: Finished systemd-udev-load-credentials.service - Load udev Rules from Credentials.
Nov 06 14:33:54 bastion systemd-journald[250]: Journal started
Nov 06 14:33:54 bastion systemd-journald[250]: Runtime Journal (/run/log/journal/8899c8afc2b24fe2b9b0a90b10b8923a) is 1.2M, max 9.6M, 8.4M free.
Nov 06 14:33:54 bastion systemd[1]: Started systemd-journald.service - Journal Service.
Nov 06 14:33:54 bastion systemd[1]: Mounted sys-fs-fuse-connections.mount - FUSE Control File System.
Nov 06 14:33:54 bastion systemd[1]: Mounted sys-kernel-config.mount - Kernel Configuration File System.
Nov 06 14:33:54 bastion systemd[1]: Finished systemd-sysctl.service - Apply Kernel Variables.
Nov 06 14:33:54 bastion systemd[1]: Finished systemd-udev-trigger.service - Coldplug All udev Devices.
Nov 06 14:33:54 bastion systemd[1]: Starting ifupdown-pre.service - Helper to synchronize boot up for ifupdown...
Nov 06 14:33:54 bastion systemd[1]: Finished ifupdown-pre.service - Helper to synchronize boot up for ifupdown.
Nov 06 14:33:54 bastion systemd[1]: Finished systemd-tmpfiles-setup-dev-early.service - Create Static Device Nodes in /dev gracefully.
Nov 06 14:33:54 bastion systemd[1]: Starting systemd-sysusers.service - Create System Users...
Nov 06 14:33:54 bastion systemd[1]: Finished systemd-sysusers.service - Create System Users.
Nov 06 14:33:54 bastion systemd[1]: Starting systemd-tmpfiles-setup-dev.service - Create Static Device Nodes in /dev...
Nov 06 14:33:54 bastion systemd[1]: Finished systemd-tmpfiles-setup-dev.service - Create Static Device Nodes in /dev.
Nov 06 14:33:54 bastion systemd[1]: Reached target local-fs-pre.target - Preparation for Local File Systems.
Nov 06 14:33:54 bastion systemd[1]: Starting systemd-udevd.service - Rule-based Manager for Device Events and Files...
Nov 06 14:33:54 bastion systemd-udevd[302]: Using default interface naming scheme 'v257'.
Nov 06 14:33:54 bastion systemd[1]: Started systemd-udevd.service - Rule-based Manager for Device Events and Files.
Nov 06 14:33:54 bastion kernel: sr 0:0:0:0: Attached scsi generic sg0 type 5
Nov 06 14:33:54 bastion kernel: sd 2:0:0:0: Attached scsi generic sg1 type 0
Nov 06 14:33:54 bastion kernel: input: Power Button as /devices/LNXSYSTM:00/LNXPWRBN:00/input/input5
Nov 06 14:33:54 bastion systemd[1]: Expecting device sys-subsystem-net-devices-enp0s3.device - /sys/subsystem/net/devices/enp0s3...
Nov 06 14:33:55 bastion kernel: ACPI: AC: AC Adapter [AC] (on-line)
Nov 06 14:33:55 bastion systemd[1]: Found device dev-disk-by\x2duuid-8b43e0a8\x2d3027\x2d46c1\x2d9f7b\x2de232f4b498f1.device - VBOX_HARDDISK 6.
Nov 06 14:33:55 bastion systemd[1]: Found device dev-disk-by\x2duuid-0b862062\x2d225b\x2d43f3\x2d9a80\x2d24b514fa5cb5.device - VBOX_HARDDISK 5.
Nov 06 14:33:55 bastion kernel: ACPI: button: Power Button [PWRF]
Nov 06 14:33:55 bastion kernel: input: Sleep Button as /devices/LNXSYSTM:00/LNXSLPBN:00/input/input6
Nov 06 14:33:55 bastion systemd[1]: Found device sys-subsystem-net-devices-enp0s3.device - 82540EM Gigabit Ethernet Controller (PRO/1000 MT Desktop Adapter).
Nov 06 14:33:55 bastion systemd[1]: Found device dev-disk-by\x2duuid-9a612aaf\x2db8fb\x2d4f22\x2da189\x2d202bceaee861.device - VBOX_HARDDISK 7.
Nov 06 14:33:55 bastion kernel: ACPI: button: Sleep Button [SLPF]
Nov 06 14:33:55 bastion systemd[1]: Activating swap dev-disk-by\x2duuid-8b43e0a8\x2d3027\x2d46c1\x2d9f7b\x2de232f4b498f1.swap - /dev/disk/by-uuid/8b43e0a8-3027-46c1-9f7b-e232f4b498f1...
Nov 06 14:33:55 bastion systemd[1]: Starting systemd-fsck@dev-disk-by\x2duuid-0b862062\x2d225b\x2d43f3\x2d9a80\x2d24b514fa5cb5.service - File System Check on /dev/disk/by-uuid/0b862062-225b-43f3-9a80-24b514fa5cb5...
Nov 06 14:33:55 bastion systemd[1]: Starting systemd-fsck@dev-disk-by\x2duuid-9a612aaf\x2db8fb\x2d4f22\x2da189\x2d202bceaee861.service - File System Check on /dev/disk/by-uuid/9a612aaf-b8fb-4f22-a189-202bceaee861...
Nov 06 14:33:55 bastion kernel: input: PC Speaker as /devices/platform/pcspkr/input/input7
Nov 06 14:33:55 bastion systemd[1]: Activated swap dev-disk-by\x2duuid-8b43e0a8\x2d3027\x2d46c1\x2d9f7b\x2de232f4b498f1.swap - /dev/disk/by-uuid/8b43e0a8-3027-46c1-9f7b-e232f4b498f1.
Nov 06 14:33:55 bastion systemd[1]: Reached target swap.target - Swaps.
Nov 06 14:33:55 bastion kernel: vboxguest: host-version: 7.2.2r170484 0x8000000f
Nov 06 14:33:55 bastion kernel: vbg_heartbeat_init: Setting up heartbeat to trigger every 2000 milliseconds
Nov 06 14:33:55 bastion kernel: Adding 599036k swap on /dev/sda6.  Priority:-2 extents:1 across:599036k 
Nov 06 14:33:55 bastion kernel: input: VirtualBox mouse integration as /devices/pci0000:00/0000:00:04.0/input/input8
Nov 06 14:33:55 bastion systemd-fsck[340]: /dev/sda5: clean, 1958/124928 files, 88097/498944 blocks
Nov 06 14:33:55 bastion systemd[1]: Finished systemd-fsck@dev-disk-by\x2duuid-0b862062\x2d225b\x2d43f3\x2d9a80\x2d24b514fa5cb5.service - File System Check on /dev/disk/by-uuid/0b862062-225b-43f3-9a80-24b514fa5cb5.
Nov 06 14:33:55 bastion systemd-fsck[341]: /dev/sda7: clean, 12/181056 files, 30058/723200 blocks
Nov 06 14:33:55 bastion systemd[1]: Finished systemd-fsck@dev-disk-by\x2duuid-9a612aaf\x2db8fb\x2d4f22\x2da189\x2d202bceaee861.service - File System Check on /dev/disk/by-uuid/9a612aaf-b8fb-4f22-a189-202bceaee861.
Nov 06 14:33:55 bastion kernel: vmwgfx 0000:00:02.0: vgaarb: deactivate vga console
Nov 06 14:33:55 bastion kernel: Console: switching to colour dummy device 80x25
Nov 06 14:33:55 bastion kernel: vmwgfx 0000:00:02.0: [drm] FIFO at 0x00000000f0000000 size is 2048 KiB
Nov 06 14:33:55 bastion kernel: vmwgfx 0000:00:02.0: [drm] VRAM at 0x00000000e0000000 size is 16384 KiB
Nov 06 14:33:55 bastion kernel: vmwgfx 0000:00:02.0: [drm] Running on SVGA version 2.
Nov 06 14:33:55 bastion kernel: vmwgfx 0000:00:02.0: [drm] Capabilities: rect copy, cursor, cursor bypass, cursor bypass 2, alpha cursor, extended fifo, pitchlock, irq mask, gmr, traces, gmr2, screen object 2, command buffers, command buffers 2, gbobject, 
Nov 06 14:33:55 bastion kernel: vmwgfx 0000:00:02.0: [drm] *ERROR* vmwgfx seems to be running on an unsupported hypervisor.
Nov 06 14:33:55 bastion kernel: vmwgfx 0000:00:02.0: [drm] *ERROR* This configuration is likely broken.
Nov 06 14:33:55 bastion kernel: vmwgfx 0000:00:02.0: [drm] *ERROR* Please switch to a supported graphics device to avoid problems.
Nov 06 14:33:55 bastion kernel: vmwgfx 0000:00:02.0: [drm] DMA map mode: Caching DMA mappings.
Nov 06 14:33:55 bastion kernel: vmwgfx 0000:00:02.0: [drm] Legacy memory limits: VRAM = 16384 KiB, FIFO = 2048 KiB, surface = 507904 KiB
Nov 06 14:33:55 bastion kernel: vmwgfx 0000:00:02.0: [drm] MOB limits: max mob size = 131072 KiB, max mob pages = 4096
Nov 06 14:33:55 bastion kernel: vmwgfx 0000:00:02.0: [drm] Max GMR ids is 8192
Nov 06 14:33:55 bastion kernel: vmwgfx 0000:00:02.0: [drm] Max number of GMR pages is 1048576
Nov 06 14:33:55 bastion kernel: vmwgfx 0000:00:02.0: [drm] Maximum display memory size is 16384 KiB
Nov 06 14:33:55 bastion kernel: vmwgfx 0000:00:02.0: [drm] Screen Target display unit initialized
Nov 06 14:33:55 bastion kernel: vmwgfx 0000:00:02.0: [drm] Fifo max 0x00200000 min 0x00001000 cap 0x00000355
Nov 06 14:33:55 bastion kernel: RAPL PMU: API unit is 2^-32 Joules, 0 fixed counters, 335544320 ms ovfl timer
Nov 06 14:33:55 bastion kernel: vmwgfx 0000:00:02.0: [drm] Using command buffers with DMA pool.
Nov 06 14:33:55 bastion kernel: vmwgfx 0000:00:02.0: [drm] Available shader model: Legacy.
Nov 06 14:33:55 bastion kernel: cryptd: max_cpu_qlen set to 1000
Nov 06 14:33:55 bastion kernel: [drm] Initialized vmwgfx 2.20.0 for 0000:00:02.0 on minor 0
Nov 06 14:33:55 bastion kernel: fbcon: vmwgfxdrmfb (fb0) is primary device
Nov 06 14:33:55 bastion kernel: Console: switching to colour frame buffer device 160x50
Nov 06 14:33:55 bastion kernel: vmwgfx 0000:00:02.0: [drm] fb0: vmwgfxdrmfb frame buffer device
Nov 06 14:33:55 bastion kernel: AES CTR mode by8 optimization enabled
Nov 06 14:33:55 bastion kernel: intel_rapl_msr: PL4 support detected.
Nov 06 14:33:55 bastion kernel: snd_intel8x0 0000:00:05.0: allow list rate for 1028:0177 is 48000
Nov 06 14:33:55 bastion systemd[1]: Reached target sound.target - Sound Card.
Nov 06 14:33:55 bastion systemd[1]: Mounting srv.mount - /srv...
Nov 06 14:33:55 bastion systemd[1]: tmp.mount: Directory /tmp to mount over is not empty, mounting anyway.
Nov 06 14:33:55 bastion systemd[1]: Mounting tmp.mount - Temporary Directory /tmp...
Nov 06 14:33:55 bastion systemd[1]: Mounting var.mount - /var...
Nov 06 14:33:55 bastion systemd[1]: Mounted tmp.mount - Temporary Directory /tmp.
Nov 06 14:33:55 bastion systemd[1]: Mounted var.mount - /var.
Nov 06 14:33:55 bastion kernel: EXT4-fs (sda5): mounted filesystem 0b862062-225b-43f3-9a80-24b514fa5cb5 r/w with ordered data mode. Quota mode: none.
Nov 06 14:33:55 bastion systemd[1]: Starting systemd-journal-flush.service - Flush Journal to Persistent Storage...
Nov 06 14:33:55 bastion systemd[1]: systemd-pstore.service - Platform Persistent Storage Archival was skipped because of an unmet condition check (ConditionDirectoryNotEmpty=/sys/fs/pstore).
Nov 06 14:33:55 bastion systemd[1]: Starting systemd-random-seed.service - Load/Save OS Random Seed...
Nov 06 14:33:55 bastion systemd[1]: Starting systemd-timesyncd.service - Network Time Synchronization...
Nov 06 14:33:55 bastion systemd[1]: systemd-tpm2-setup.service - TPM SRK Setup was skipped because of an unmet condition check (ConditionSecurity=measured-uki).
Nov 06 14:33:55 bastion systemd[1]: Mounted srv.mount - /srv.
Nov 06 14:33:55 bastion kernel: EXT4-fs (sda7): mounted filesystem 9a612aaf-b8fb-4f22-a189-202bceaee861 r/w with ordered data mode. Quota mode: none.
Nov 06 14:33:55 bastion systemd[1]: Reached target local-fs.target - Local File Systems.
Nov 06 14:33:55 bastion systemd[1]: Listening on systemd-sysext.socket - System Extension Image Management.
Nov 06 14:33:55 bastion systemd[1]: Starting apparmor.service - Load AppArmor profiles...
Nov 06 14:33:55 bastion systemd-journald[250]: Time spent on flushing to /var/log/journal/8899c8afc2b24fe2b9b0a90b10b8923a is 3.437ms for 609 entries.
Nov 06 14:33:55 bastion systemd-journald[250]: System Journal (/var/log/journal/8899c8afc2b24fe2b9b0a90b10b8923a) is 8M, max 188M, 180M free.
Nov 06 14:33:55 bastion systemd-journald[250]: Received client request to flush runtime journal.
Nov 06 14:33:55 bastion systemd[1]: Starting console-setup.service - Set console font and keymap...
Nov 06 14:33:55 bastion systemd[1]: Starting systemd-binfmt.service - Set Up Additional Binary Formats...
Nov 06 14:33:55 bastion systemd[1]: Finished systemd-random-seed.service - Load/Save OS Random Seed.
Nov 06 14:33:55 bastion systemd[1]: proc-sys-fs-binfmt_misc.automount: Got automount request for /proc/sys/fs/binfmt_misc, triggered by 474 (systemd-binfmt)
Nov 06 14:33:55 bastion systemd[1]: Mounting proc-sys-fs-binfmt_misc.mount - Arbitrary Executable File Formats File System...
Nov 06 14:33:55 bastion systemd[1]: Finished systemd-journal-flush.service - Flush Journal to Persistent Storage.
Nov 06 14:33:55 bastion systemd[1]: Finished console-setup.service - Set console font and keymap.
Nov 06 14:33:55 bastion systemd[1]: Starting systemd-tmpfiles-setup.service - Create System Files and Directories...
Nov 06 14:33:55 bastion apparmor.systemd[470]: Restarting AppArmor
Nov 06 14:33:55 bastion apparmor.systemd[470]: Reloading AppArmor profiles
Nov 06 14:33:55 bastion systemd-tmpfiles[482]: /usr/lib/tmpfiles.d/legacy.conf:14: Duplicate line for path "/run/lock", ignoring.
Nov 06 14:33:55 bastion systemd[1]: Started systemd-timesyncd.service - Network Time Synchronization.
Nov 06 14:33:55 bastion systemd[1]: Reached target time-set.target - System Time Set.
Nov 06 14:33:55 bastion systemd[1]: Mounted proc-sys-fs-binfmt_misc.mount - Arbitrary Executable File Formats File System.
Nov 06 14:33:55 bastion systemd[1]: Finished systemd-binfmt.service - Set Up Additional Binary Formats.
Nov 06 14:33:55 bastion systemd-timesyncd[467]: Network configuration changed, trying to establish connection.
Nov 06 14:33:55 bastion systemd-timesyncd[467]: Network configuration changed, trying to establish connection.
Nov 06 14:33:55 bastion kernel: audit: type=1400 audit(1762464835.880:2): apparmor="STATUS" operation="profile_load" profile="unconfined" name="1password" pid=492 comm="apparmor_parser"
Nov 06 14:33:55 bastion kernel: audit: type=1400 audit(1762464835.880:3): apparmor="STATUS" operation="profile_load" profile="unconfined" name="Discord" pid=493 comm="apparmor_parser"
Nov 06 14:33:55 bastion systemd-timesyncd[467]: Network configuration changed, trying to establish connection.
Nov 06 14:33:55 bastion systemd-timesyncd[467]: Network configuration changed, trying to establish connection.
Nov 06 14:33:55 bastion systemd[1]: Finished systemd-tmpfiles-setup.service - Create System Files and Directories.
Nov 06 14:33:55 bastion systemd[1]: Starting ldconfig.service - Rebuild Dynamic Linker Cache...
Nov 06 14:33:55 bastion systemd[1]: systemd-firstboot.service - First Boot Wizard was skipped because of an unmet condition check (ConditionFirstBoot=yes).
Nov 06 14:33:55 bastion systemd[1]: first-boot-complete.target - First Boot Complete was skipped because of an unmet condition check (ConditionFirstBoot=yes).
Nov 06 14:33:55 bastion kernel: audit: type=1400 audit(1762464835.892:4): apparmor="STATUS" operation="profile_load" profile="unconfined" name=4D6F6E676F444220436F6D70617373 pid=496 comm="apparmor_parser"
Nov 06 14:33:55 bastion kernel: audit: type=1400 audit(1762464835.892:5): apparmor="STATUS" operation="profile_load" profile="unconfined" name="QtWebEngineProcess" pid=497 comm="apparmor_parser"
Nov 06 14:33:55 bastion systemd[1]: Starting systemd-journal-catalog-update.service - Rebuild Journal Catalog...
Nov 06 14:33:55 bastion systemd[1]: systemd-machine-id-commit.service - Save Transient machine-id to Disk was skipped because of an unmet condition check (ConditionPathIsMountPoint=/etc/machine-id).
Nov 06 14:33:55 bastion kernel: audit: type=1400 audit(1762464835.928:6): apparmor="STATUS" operation="profile_load" profile="unconfined" name="Xorg" pid=498 comm="apparmor_parser"
Nov 06 14:33:55 bastion kernel: audit: type=1400 audit(1762464835.944:7): apparmor="STATUS" operation="profile_load" profile="unconfined" name="balena-etcher" pid=500 comm="apparmor_parser"
Nov 06 14:33:55 bastion kernel: audit: type=1400 audit(1762464835.944:8): apparmor="STATUS" operation="profile_load" profile="unconfined" name="brave" pid=501 comm="apparmor_parser"
Nov 06 14:33:55 bastion kernel: audit: type=1400 audit(1762464835.944:9): apparmor="STATUS" operation="profile_load" profile="unconfined" name="buildah" pid=502 comm="apparmor_parser"
Nov 06 14:33:55 bastion kernel: audit: type=1400 audit(1762464835.944:10): apparmor="STATUS" operation="profile_load" profile="unconfined" name="busybox" pid=503 comm="apparmor_parser"
Nov 06 14:33:55 bastion systemd[1]: Finished ldconfig.service - Rebuild Dynamic Linker Cache.
Nov 06 14:33:55 bastion systemd[1]: Finished systemd-journal-catalog-update.service - Rebuild Journal Catalog.
Nov 06 14:33:55 bastion systemd[1]: Starting systemd-update-done.service - Update is Completed...
Nov 06 14:33:55 bastion systemd[1]: Finished systemd-update-done.service - Update is Completed.
Nov 06 14:33:56 bastion systemd[1]: Finished apparmor.service - Load AppArmor profiles.
Nov 06 14:33:56 bastion systemd[1]: Reached target sysinit.target - System Initialization.
Nov 06 14:33:56 bastion systemd[1]: Started anacron.timer - Trigger anacron every hour.
Nov 06 14:33:56 bastion systemd[1]: Started apt-daily.timer - Daily apt download activities.
Nov 06 14:33:56 bastion systemd[1]: Started apt-daily-upgrade.timer - Daily apt upgrade and clean activities.
Nov 06 14:33:56 bastion systemd[1]: Started apt-listchanges.timer - Try hourly to initialize apt-listchanges database for APT.
Nov 06 14:33:56 bastion systemd[1]: Started dpkg-db-backup.timer - Daily dpkg database backup timer.
Nov 06 14:33:56 bastion systemd[1]: Started e2scrub_all.timer - Periodic ext4 Online Metadata Check for All Filesystems.
Nov 06 14:33:56 bastion systemd[1]: Started fstrim.timer - Discard unused filesystem blocks once a week.
Nov 06 14:33:56 bastion systemd[1]: Started logrotate.timer - Daily rotation of log files.
Nov 06 14:33:56 bastion systemd[1]: Started man-db.timer - Daily man-db regeneration.
Nov 06 14:33:56 bastion systemd[1]: Started systemd-tmpfiles-clean.timer - Daily Cleanup of Temporary Directories.
Nov 06 14:33:56 bastion systemd[1]: Reached target timers.target - Timer Units.
Nov 06 14:33:56 bastion systemd[1]: Listening on dbus.socket - D-Bus System Message Bus Socket.
Nov 06 14:33:56 bastion systemd[1]: Listening on sshd-unix-local.socket - OpenSSH Server Socket (systemd-ssh-generator, AF_UNIX Local).
Nov 06 14:33:56 bastion systemd[1]: Listening on sshd-vsock.socket - OpenSSH Server Socket (systemd-ssh-generator, AF_VSOCK).
Nov 06 14:33:56 bastion systemd[1]: Reached target ssh-access.target - SSH Access Available.
Nov 06 14:33:56 bastion systemd[1]: Listening on systemd-hostnamed.socket - Hostname Service Socket.
Nov 06 14:33:56 bastion systemd[1]: Reached target sockets.target - Socket Units.
Nov 06 14:33:56 bastion systemd[1]: Started ifup@enp0s3.service - ifup for enp0s3.
Nov 06 14:33:56 bastion systemd[1]: Starting networking.service - Raise network interfaces...
Nov 06 14:33:56 bastion systemd[1]: systemd-pcrphase-sysinit.service - TPM PCR Barrier (Initialization) was skipped because of an unmet condition check (ConditionSecurity=measured-uki).
Nov 06 14:33:56 bastion systemd[1]: Reached target basic.target - Basic System.
Nov 06 14:33:56 bastion systemd[1]: System is tainted: unmerged-bin
Nov 06 14:33:56 bastion systemd[1]: Started anacron.service - Run anacron jobs.
Nov 06 14:33:56 bastion systemd[1]: Started cron.service - Regular background program processing daemon.
Nov 06 14:33:56 bastion systemd[1]: Starting dbus.service - D-Bus System Message Bus...
Nov 06 14:33:56 bastion systemd[1]: Starting e2scrub_reap.service - Remove Stale Online ext4 Metadata Check Snapshots...
Nov 06 14:33:56 bastion systemd[1]: getty-static.service - getty on tty2-tty6 if dbus and logind are not available was skipped because of an unmet condition check (ConditionPathExists=!/usr/bin/dbus-daemon).
Nov 06 14:33:56 bastion anacron[600]: Anacron 2.3 started on 2025-11-06
Nov 06 14:33:56 bastion cron[601]: (CRON) INFO (pidfile fd = 3)
Nov 06 14:33:56 bastion anacron[600]: Will run job `cron.daily' in 5 min.
Nov 06 14:33:56 bastion anacron[600]: Will run job `cron.weekly' in 10 min.
Nov 06 14:33:56 bastion anacron[600]: Will run job `cron.monthly' in 15 min.
Nov 06 14:33:56 bastion anacron[600]: Will run job `cron.yearly' in 20 min.
Nov 06 14:33:56 bastion anacron[600]: Jobs will be executed sequentially
Nov 06 14:33:56 bastion cron[601]: (CRON) INFO (Running @reboot jobs)
Nov 06 14:33:56 bastion systemd[1]: Starting grub-common.service - Record successful boot for GRUB...
Nov 06 14:33:56 bastion systemd[1]: sshd-keygen.service - Generate sshd host keys on first boot was skipped because of an unmet condition check (ConditionFirstBoot=yes).
Nov 06 14:33:56 bastion systemd[1]: Starting systemd-logind.service - User Login Management...
Nov 06 14:33:56 bastion systemd[1]: systemd-pcrphase.service - TPM PCR Barrier (User) was skipped because of an unmet condition check (ConditionSecurity=measured-uki).
Nov 06 14:33:56 bastion systemd[1]: Starting wtmpdb-update-boot.service - Write boot and shutdown times into wtmpdb...
Nov 06 14:33:56 bastion ifup[626]: dhcpcd-10.1.0 starting
Nov 06 14:33:56 bastion dhcpcd[626]: dhcpcd-10.1.0 starting
Nov 06 14:33:56 bastion systemd[1]: Started dbus.service - D-Bus System Message Bus.
Nov 06 14:33:56 bastion kernel: 8021q: 802.1Q VLAN Support v1.8
Nov 06 14:33:56 bastion dbus-daemon[602]: [system] Successfully activated service 'org.freedesktop.systemd1'
Nov 06 14:33:56 bastion systemd[1]: Starting wpa_supplicant.service - WPA supplicant...
Nov 06 14:33:56 bastion systemd[1]: Listening on systemd-rfkill.socket - Load/Save RF Kill Switch Status /dev/rfkill Watch.
Nov 06 14:33:56 bastion systemd-logind[621]: New seat seat0.
Nov 06 14:33:56 bastion systemd-logind[621]: Watching system buttons on /dev/input/event4 (Power Button)
Nov 06 14:33:56 bastion systemd-logind[621]: Watching system buttons on /dev/input/event5 (Sleep Button)
Nov 06 14:33:56 bastion systemd-logind[621]: Watching system buttons on /dev/input/event0 (AT Translated Set 2 keyboard)
Nov 06 14:33:56 bastion systemd[1]: Started systemd-logind.service - User Login Management.
Nov 06 14:33:56 bastion systemd[1]: e2scrub_reap.service: Deactivated successfully.
Nov 06 14:33:56 bastion systemd[1]: Finished e2scrub_reap.service - Remove Stale Online ext4 Metadata Check Snapshots.
Nov 06 14:33:56 bastion systemd[1]: Finished wtmpdb-update-boot.service - Write boot and shutdown times into wtmpdb.
Nov 06 14:33:56 bastion wpa_supplicant[657]: Successfully initialized wpa_supplicant
Nov 06 14:33:56 bastion systemd[1]: Started wpa_supplicant.service - WPA supplicant.
Nov 06 14:33:56 bastion kernel: cfg80211: Loading compiled-in X.509 certificates for regulatory database
Nov 06 14:33:56 bastion kernel: Loaded X.509 cert 'benh@debian.org: 577e021cb980e0e820821ba7b54b4961b8b4fadf'
Nov 06 14:33:56 bastion kernel: Loaded X.509 cert 'romain.perier@gmail.com: 3abbc6ec146e09d1b6016ab9d6cf71dd233f0328'
Nov 06 14:33:56 bastion kernel: Loaded X.509 cert 'sforshee: 00b28ddf47aef9cea7'
Nov 06 14:33:56 bastion kernel: Loaded X.509 cert 'wens: 61c038651aabdcf94bd0ac7ff06c7248db18c600'
Nov 06 14:33:56 bastion systemd[1]: Finished networking.service - Raise network interfaces.
Nov 06 14:33:56 bastion systemd[1]: grub-common.service: Deactivated successfully.
Nov 06 14:33:56 bastion systemd[1]: Finished grub-common.service - Record successful boot for GRUB.
Nov 06 14:33:56 bastion systemd[1]: Reached target network.target - Network.
Nov 06 14:33:56 bastion systemd[1]: Starting ssh.service - OpenBSD Secure Shell server...
Nov 06 14:33:56 bastion systemd[1]: Starting systemd-user-sessions.service - Permit User Sessions...
Nov 06 14:33:56 bastion systemd[1]: Finished systemd-user-sessions.service - Permit User Sessions.
Nov 06 14:33:56 bastion ifup[642]: enp0s3: waiting for carrier
Nov 06 14:33:56 bastion dhcpcd[642]: enp0s3: waiting for carrier
Nov 06 14:33:56 bastion systemd[1]: Started getty@tty1.service - Getty on tty1.
Nov 06 14:33:56 bastion systemd[1]: Reached target getty.target - Login Prompts.
Nov 06 14:33:56 bastion kernel: 8021q: adding VLAN 0 to HW filter on device enp0s3
Nov 06 14:33:56 bastion ifup[642]: enp0s3: carrier acquired
Nov 06 14:33:56 bastion ifup[642]: DUID 00:01:00:01:30:9f:d0:c4:08:00:27:8c:3c:6f
Nov 06 14:33:56 bastion ifup[642]: enp0s3: IAID 27:8c:3c:6f
Nov 06 14:33:56 bastion dhcpcd[642]: enp0s3: carrier acquired
Nov 06 14:33:56 bastion dhcpcd[642]: DUID 00:01:00:01:30:9f:d0:c4:08:00:27:8c:3c:6f
Nov 06 14:33:56 bastion dhcpcd[642]: enp0s3: IAID 27:8c:3c:6f
Nov 06 14:33:56 bastion ifup[642]: enp0s3: adding address fe80::5a8a:44c1:3ac3:d2c1
Nov 06 14:33:56 bastion dhcpcd[642]: enp0s3: adding address fe80::5a8a:44c1:3ac3:d2c1
Nov 06 14:33:56 bastion kernel: e1000: enp0s3 NIC Link is Up 1000 Mbps Full Duplex, Flow Control: RX
Nov 06 14:33:56 bastion sshd[699]: Server listening on 0.0.0.0 port 22.
Nov 06 14:33:56 bastion sshd[699]: Server listening on :: port 22.
Nov 06 14:33:56 bastion systemd[1]: Started ssh.service - OpenBSD Secure Shell server.
Nov 06 14:33:56 bastion systemd[1]: Reached target multi-user.target - Multi-User System.
Nov 06 14:33:56 bastion systemd[1]: Reached target graphical.target - Graphical Interface.
Nov 06 14:33:56 bastion systemd[1]: Startup finished in 1.933s (kernel) + 2.562s (userspace) = 4.495s.
Nov 06 14:33:58 bastion ifup[642]: enp0s3: soliciting a DHCP lease
Nov 06 14:33:58 bastion dhcpcd[642]: enp0s3: soliciting a DHCP lease
Nov 06 14:33:58 bastion ifup[642]: enp0s3: offered 192.168.0.62 from 192.168.0.1
Nov 06 14:33:58 bastion dhcpcd[642]: enp0s3: offered 192.168.0.62 from 192.168.0.1
Nov 06 14:33:59 bastion ifup[642]: enp0s3: soliciting an IPv6 router
Nov 06 14:33:59 bastion dhcpcd[642]: enp0s3: soliciting an IPv6 router
Nov 06 14:34:03 bastion ifup[642]: enp0s3: probing for an IPv4LL address
Nov 06 14:34:03 bastion dhcpcd[642]: enp0s3: probing for an IPv4LL address
Nov 06 14:34:08 bastion ifup[642]: enp0s3: using IPv4LL address 169.254.131.254
Nov 06 14:34:08 bastion dhcpcd[642]: enp0s3: using IPv4LL address 169.254.131.254
Nov 06 14:34:08 bastion ifup[642]: enp0s3: adding route to 169.254.0.0/16
Nov 06 14:34:08 bastion ifup[642]: enp0s3: adding default route
Nov 06 14:34:08 bastion dhcpcd[642]: enp0s3: adding route to 169.254.0.0/16
Nov 06 14:34:08 bastion dhcpcd[642]: enp0s3: adding default route
Nov 06 14:34:10 bastion login[696]: pam_unix(login:session): session opened for user jessie(uid=1000) by jessie(uid=0)
Nov 06 14:34:10 bastion systemd-logind[621]: New session 1 of user jessie.
Nov 06 14:34:10 bastion systemd[1]: Created slice user-1000.slice - User Slice of UID 1000.
Nov 06 14:34:10 bastion systemd[1]: Starting user-runtime-dir@1000.service - User Runtime Directory /run/user/1000...
Nov 06 14:34:10 bastion systemd[1]: Finished user-runtime-dir@1000.service - User Runtime Directory /run/user/1000.
Nov 06 14:34:10 bastion systemd[1]: Starting user@1000.service - User Manager for UID 1000...
Nov 06 14:34:10 bastion (systemd)[730]: pam_unix(systemd-user:session): session opened for user jessie(uid=1000) by jessie(uid=0)
Nov 06 14:34:10 bastion systemd-logind[621]: New session 2 of user jessie.
Nov 06 14:34:10 bastion systemd[730]: Queued start job for default target default.target.
Nov 06 14:34:10 bastion systemd[730]: Created slice app.slice - User Application Slice.
Nov 06 14:34:10 bastion systemd[730]: Reached target paths.target - Paths.
Nov 06 14:34:10 bastion systemd[730]: Reached target timers.target - Timers.
Nov 06 14:34:10 bastion systemd[730]: Starting dbus.socket - D-Bus User Message Bus Socket...
Nov 06 14:34:10 bastion systemd[730]: Starting ssh-agent.socket - OpenSSH Agent socket...
Nov 06 14:34:10 bastion systemd[730]: Listening on dbus.socket - D-Bus User Message Bus Socket.
Nov 06 14:34:10 bastion systemd[730]: Listening on ssh-agent.socket - OpenSSH Agent socket.
Nov 06 14:34:10 bastion systemd[730]: Reached target sockets.target - Sockets.
Nov 06 14:34:10 bastion systemd[730]: Reached target basic.target - Basic System.
Nov 06 14:34:10 bastion systemd[1]: Started user@1000.service - User Manager for UID 1000.
Nov 06 14:34:10 bastion systemd[1]: Started session-1.scope - Session 1 of User jessie.
Nov 06 14:34:10 bastion systemd[730]: Started mpris-proxy.service - Bluetooth mpris proxy.
Nov 06 14:34:10 bastion systemd[730]: Reached target default.target - Main User Target.
Nov 06 14:34:10 bastion systemd[730]: Startup finished in 115ms.
Nov 06 14:34:10 bastion systemd[730]: Created slice session.slice - User Core Session Slice.
Nov 06 14:34:10 bastion systemd[730]: Starting dbus.service - D-Bus User Message Bus...
Nov 06 14:34:10 bastion systemd[730]: Started dbus.service - D-Bus User Message Bus.
Nov 06 14:34:10 bastion dhcpcd[642]: enp0s3: probing address 192.168.0.62/24
Nov 06 14:34:11 bastion dhcpcd[642]: enp0s3: no IPv6 Routers available
Nov 06 14:34:16 bastion dhcpcd[642]: enp0s3: leased 192.168.0.62 for 3600 seconds
Nov 06 14:34:16 bastion dhcpcd[642]: enp0s3: adding route to 192.168.0.0/24
Nov 06 14:34:16 bastion dhcpcd[642]: enp0s3: changing default route via 192.168.0.1
Nov 06 14:34:16 bastion dhcpcd[642]: enp0s3: deleting route to 169.254.0.0/16
Nov 06 14:34:26 bastion systemd-timesyncd[467]: Contacted time server 23.168.24.210:123 (2.debian.pool.ntp.org).
Nov 06 14:34:26 bastion systemd-timesyncd[467]: Initial clock synchronization to Thu 2025-11-06 14:34:26.483819 MST.
Nov 06 14:38:14 bastion sudo[781]:   jessie : TTY=tty1 ; PWD=/home/jessie ; USER=root ; COMMAND=/usr/sbin/ip link set enp0s3 down
Nov 06 14:38:14 bastion sudo[781]: pam_unix(sudo:session): session opened for user root(uid=0) by jessie(uid=1000)
Nov 06 14:38:14 bastion dhcpcd[642]: enp0s3: carrier lost
Nov 06 14:38:14 bastion sudo[781]: pam_unix(sudo:session): session closed for user root
Nov 06 14:38:14 bastion dhcpcd[642]: enp0s3: deleting address fe80::5a8a:44c1:3ac3:d2c1
Nov 06 14:38:14 bastion dhcpcd[642]: enp0s3: deleting route to 192.168.0.0/24
Nov 06 14:38:14 bastion dhcpcd[642]: enp0s3: deleting default route via 192.168.0.1
Nov 06 14:38:50 bastion sudo[810]:   jessie : TTY=tty1 ; PWD=/home/jessie ; USER=root ; COMMAND=/usr/sbin/ip addr flush dev enp0s3
Nov 06 14:38:50 bastion sudo[810]: pam_unix(sudo:session): session opened for user root(uid=0) by jessie(uid=1000)
Nov 06 14:38:50 bastion sudo[810]: pam_unix(sudo:session): session closed for user root
Nov 06 14:38:56 bastion anacron[600]: Job `cron.daily' started
Nov 06 14:38:56 bastion anacron[820]: Updated timestamp for job `cron.daily' to 2025-11-06
Nov 06 14:38:56 bastion anacron[600]: Job `cron.daily' terminated
Nov 06 14:39:27 bastion sudo[826]:   jessie : TTY=tty1 ; PWD=/home/jessie ; USER=root ; COMMAND=/usr/sbin/ip addr add 192.168.0.60/24 dev enp0s3
Nov 06 14:39:27 bastion sudo[826]: pam_unix(sudo:session): session opened for user root(uid=0) by jessie(uid=1000)
Nov 06 14:39:27 bastion sudo[826]: pam_unix(sudo:session): session closed for user root
Nov 06 14:40:08 bastion sudo[831]:   jessie : TTY=tty1 ; PWD=/home/jessie ; USER=root ; COMMAND=/usr/sbin/ip add add 192.168.50.2/24 dev enp0s8
Nov 06 14:40:08 bastion sudo[831]: pam_unix(sudo:session): session opened for user root(uid=0) by jessie(uid=1000)
Nov 06 14:40:08 bastion sudo[831]: pam_unix(sudo:session): session closed for user root
Nov 06 14:40:35 bastion sudo[836]:   jessie : TTY=tty1 ; PWD=/home/jessie ; USER=root ; COMMAND=/usr/sbin/ip link set enp0s3 up
Nov 06 14:40:35 bastion sudo[836]: pam_unix(sudo:session): session opened for user root(uid=0) by jessie(uid=1000)
Nov 06 14:40:35 bastion sudo[836]: pam_unix(sudo:session): session closed for user root
Nov 06 14:40:35 bastion kernel: 8021q: adding VLAN 0 to HW filter on device enp0s3
Nov 06 14:40:35 bastion dhcpcd[642]: enp0s3: carrier acquired
Nov 06 14:40:35 bastion dhcpcd[642]: enp0s3: IAID 27:8c:3c:6f
Nov 06 14:40:35 bastion dhcpcd[642]: enp0s3: adding address fe80::5a8a:44c1:3ac3:d2c1
Nov 06 14:40:35 bastion kernel: e1000: enp0s3 NIC Link is Up 1000 Mbps Full Duplex, Flow Control: RX
Nov 06 14:40:36 bastion dhcpcd[642]: enp0s3: rebinding lease of 192.168.0.62
Nov 06 14:40:37 bastion dhcpcd[642]: enp0s3: soliciting an IPv6 router
Nov 06 14:40:41 bastion dhcpcd[642]: enp0s3: probing address 192.168.0.62/24
Nov 06 14:40:47 bastion dhcpcd[642]: enp0s3: leased 192.168.0.62 for 3600 seconds
Nov 06 14:40:47 bastion dhcpcd[642]: enp0s3: adding route to 192.168.0.0/24
Nov 06 14:40:47 bastion dhcpcd[642]: enp0s3: adding default route via 192.168.0.1
Nov 06 14:40:49 bastion dhcpcd[642]: enp0s3: no IPv6 Routers available
Nov 06 14:43:56 bastion anacron[600]: Job `cron.weekly' started
Nov 06 14:43:56 bastion anacron[869]: Updated timestamp for job `cron.weekly' to 2025-11-06
Nov 06 14:43:56 bastion anacron[600]: Job `cron.weekly' terminated
Nov 06 14:48:11 bastion sudo[872]:   jessie : TTY=tty1 ; PWD=/home/jessie ; USER=root ; COMMAND=/usr/sbin/adduser gitops --shell /usr/sbin/nologin
Nov 06 14:48:11 bastion sudo[872]: pam_unix(sudo:session): session opened for user root(uid=0) by jessie(uid=1000)
Nov 06 14:48:11 bastion adduser[875]: Adding user `gitops' ...
Nov 06 14:48:11 bastion adduser[875]: Selecting UID/GID from range 1000 to 59999 ...
Nov 06 14:48:11 bastion adduser[875]: Adding new group `gitops' (1001) ...
Nov 06 14:48:11 bastion groupadd[879]: group added to /etc/group: name=gitops, GID=1001
Nov 06 14:48:11 bastion groupadd[879]: group added to /etc/gshadow: name=gitops
Nov 06 14:48:11 bastion groupadd[879]: new group: name=gitops, GID=1001
Nov 06 14:48:11 bastion adduser[875]: Adding new user `gitops' (1001) with group `gitops (1001)' ...
Nov 06 14:48:11 bastion useradd[884]: new user: name=gitops, UID=1001, GID=1001, home=/home/gitops, shell=/usr/sbin/nologin, from=/dev/pts/0
Nov 06 14:48:11 bastion adduser[875]: Creating home directory `/home/gitops' ...
Nov 06 14:48:11 bastion adduser[875]: Copying files from `/etc/skel' ...
Nov 06 14:48:52 bastion adduser[875]: `/bin/passwd gitops' failed with status 10. Continuing.
Nov 06 14:48:52 bastion adduser[875]: wrong password given or password retyped incorrectly
Nov 06 14:48:56 bastion systemd[1]: Starting systemd-tmpfiles-clean.service - Cleanup of Temporary Directories...
Nov 06 14:48:56 bastion systemd-tmpfiles[902]: /usr/lib/tmpfiles.d/legacy.conf:14: Duplicate line for path "/run/lock", ignoring.
Nov 06 14:48:56 bastion systemd[1]: systemd-tmpfiles-clean.service: Deactivated successfully.
Nov 06 14:48:56 bastion systemd[1]: Finished systemd-tmpfiles-clean.service - Cleanup of Temporary Directories.
Nov 06 14:48:56 bastion anacron[600]: Job `cron.monthly' started
Nov 06 14:48:56 bastion anacron[911]: Updated timestamp for job `cron.monthly' to 2025-11-06
Nov 06 14:48:56 bastion anacron[600]: Job `cron.monthly' terminated
Nov 06 14:49:03 bastion passwd[899]: pam_unix(passwd:chauthtok): password changed for gitops
Nov 06 14:49:10 bastion chfn[913]: changed user 'gitops' information
Nov 06 14:49:13 bastion adduser[875]: Adding new user `gitops' to supplemental / extra groups `users' ...
Nov 06 14:49:13 bastion adduser[875]: Adding user `gitops' to group `users' ...
Nov 06 14:49:13 bastion gpasswd[920]: members of group users set by root to jessie,gitops
Nov 06 14:49:13 bastion sudo[872]: pam_unix(sudo:session): session closed for user root
Nov 06 14:50:18 bastion sudo[925]:   jessie : TTY=tty1 ; PWD=/home/jessie ; USER=root ; COMMAND=/usr/bin/mkdir /home/gitops/.ssh
Nov 06 14:50:18 bastion sudo[925]: pam_unix(sudo:session): session opened for user root(uid=0) by jessie(uid=1000)
Nov 06 14:50:18 bastion sudo[925]: pam_unix(sudo:session): session closed for user root
Nov 06 14:50:18 bastion sudo[929]:   jessie : TTY=tty1 ; PWD=/home/jessie ; USER=root ; COMMAND=/usr/bin/chmod 700 /home/gitops/.ssh
Nov 06 14:50:18 bastion sudo[929]: pam_unix(sudo:session): session opened for user root(uid=0) by jessie(uid=1000)
Nov 06 14:50:18 bastion sudo[929]: pam_unix(sudo:session): session closed for user root
Nov 06 14:51:02 bastion sudo[933]:   jessie : TTY=tty1 ; PWD=/home/jessie ; USER=root ; COMMAND=/usr/bin/chmod 600 /home/gitops/.ssh/authorized_keys
Nov 06 14:51:02 bastion sudo[933]: pam_unix(sudo:session): session opened for user root(uid=0) by jessie(uid=1000)
Nov 06 14:51:02 bastion sudo[933]: pam_unix(sudo:session): session closed for user root
Nov 06 14:52:30 bastion sudo[937]:   jessie : TTY=tty1 ; PWD=/home/jessie ; USER=root ; COMMAND=/usr/bin/touch /home/gitops/.ssh/authorized_keys
Nov 06 14:52:30 bastion sudo[937]: pam_unix(sudo:session): session opened for user root(uid=0) by jessie(uid=1000)
Nov 06 14:52:30 bastion sudo[937]: pam_unix(sudo:session): session closed for user root
Nov 06 14:53:13 bastion sudo[941]:   jessie : TTY=tty1 ; PWD=/home/jessie ; USER=root ; COMMAND=/usr/bin/chown -R gitops:gitops /home/gitops/.ssh
Nov 06 14:53:13 bastion sudo[941]: pam_unix(sudo:session): session opened for user root(uid=0) by jessie(uid=1000)
Nov 06 14:53:13 bastion sudo[941]: pam_unix(sudo:session): session closed for user root
Nov 06 14:53:56 bastion anacron[600]: Job `cron.yearly' started
Nov 06 14:53:56 bastion anacron[600]: Job `cron.yearly' terminated
Nov 06 14:53:56 bastion anacron[600]: Normal exit (4 jobs run)
Nov 06 14:53:56 bastion anacron[952]: Updated timestamp for job `cron.yearly' to 2025-11-06
Nov 06 14:53:56 bastion systemd[1]: anacron.service: Killing process 952 (anacron) with signal SIGKILL.
Nov 06 14:53:56 bastion systemd[1]: anacron.service: Deactivated successfully.
Nov 06 14:54:06 bastion sudo[954]:   jessie : TTY=tty1 ; PWD=/home/jessie ; USER=root ; COMMAND=/usr/bin/su
Nov 06 14:54:06 bastion sudo[954]: pam_unix(sudo:session): session opened for user root(uid=0) by jessie(uid=1000)
Nov 06 14:54:06 bastion su[957]: (to root) root on pts/0
Nov 06 14:54:06 bastion su[957]: pam_unix(su:session): session opened for user root(uid=0) by jessie(uid=0)
Nov 06 14:56:34 bastion su[969]: (to jessie) root on pts/0
Nov 06 14:56:34 bastion su[969]: pam_unix(su:session): session opened for user jessie(uid=1000) by jessie(uid=0)
Nov 06 14:59:04 bastion unix_chkpwd[978]: password check failed for user (jessie)
Nov 06 14:59:04 bastion sudo[976]: pam_unix(sudo:auth): authentication failure; logname=jessie uid=1000 euid=0 tty=/dev/pts/0 ruser=jessie rhost=  user=jessie
Nov 06 14:59:10 bastion sudo[976]:   jessie : TTY=pts/0 ; PWD=/home/gitops/.ssh ; USER=root ; COMMAND=/usr/sbin/adduser aptuser
Nov 06 14:59:10 bastion sudo[976]: pam_unix(sudo:session): session opened for user root(uid=0) by jessie(uid=1000)
Nov 06 14:59:10 bastion adduser[983]: Adding user `aptuser' ...
Nov 06 14:59:10 bastion adduser[983]: Selecting UID/GID from range 1000 to 59999 ...
Nov 06 14:59:10 bastion adduser[983]: Adding new group `aptuser' (1002) ...
Nov 06 14:59:10 bastion groupadd[987]: group added to /etc/group: name=aptuser, GID=1002
Nov 06 14:59:10 bastion groupadd[987]: group added to /etc/gshadow: name=aptuser
Nov 06 14:59:10 bastion groupadd[987]: new group: name=aptuser, GID=1002
Nov 06 14:59:10 bastion adduser[983]: Adding new user `aptuser' (1002) with group `aptuser (1002)' ...
Nov 06 14:59:10 bastion useradd[992]: new user: name=aptuser, UID=1002, GID=1002, home=/home/aptuser, shell=/bin/bash, from=/dev/pts/1
Nov 06 14:59:10 bastion adduser[983]: Creating home directory `/home/aptuser' ...
Nov 06 14:59:10 bastion adduser[983]: Copying files from `/etc/skel' ...
Nov 06 14:59:31 bastion passwd[1001]: pam_unix(passwd:chauthtok): password changed for aptuser
Nov 06 14:59:36 bastion chfn[1005]: changed user 'aptuser' information
Nov 06 14:59:38 bastion adduser[983]: Adding new user `aptuser' to supplemental / extra groups `users' ...
Nov 06 14:59:38 bastion adduser[983]: Adding user `aptuser' to group `users' ...
Nov 06 14:59:38 bastion gpasswd[1012]: members of group users set by root to jessie,gitops,aptuser
Nov 06 14:59:38 bastion sudo[976]: pam_unix(sudo:session): session closed for user root
Nov 06 15:00:06 bastion systemd[1]: Starting apt-listchanges.service - Initialize apt-listchanges database for APT...
Nov 06 15:00:06 bastion sudo[1018]:   jessie : TTY=pts/0 ; PWD=/home/gitops/.ssh ; USER=root ; COMMAND=/usr/bin/mkdir -p /var/cache/apt-mirror
Nov 06 15:00:06 bastion sudo[1018]: pam_unix(sudo:session): session opened for user root(uid=0) by jessie(uid=1000)
Nov 06 15:00:06 bastion sudo[1018]: pam_unix(sudo:session): session closed for user root
Nov 06 15:00:09 bastion systemctl[1365]: Removed '/etc/systemd/system/timers.target.wants/apt-listchanges.timer'.
Nov 06 15:00:09 bastion systemd[1]: Reload requested from client PID 1365 ('systemctl') (unit apt-listchanges.service)...
Nov 06 15:00:09 bastion systemd[1]: Reloading...
Nov 06 15:00:09 bastion systemd[1]: Reloading finished in 136 ms.
Nov 06 15:00:09 bastion systemd[1]: apt-listchanges.timer: Deactivated successfully.
Nov 06 15:00:09 bastion systemd[1]: Stopped apt-listchanges.timer - Try hourly to initialize apt-listchanges database for APT.
Nov 06 15:00:09 bastion systemd[1]: apt-listchanges.service: Deactivated successfully.
Nov 06 15:00:09 bastion systemd[1]: Finished apt-listchanges.service - Initialize apt-listchanges database for APT.
Nov 06 15:00:09 bastion systemd[1]: apt-listchanges.service: Consumed 2.289s CPU time, 92.6M memory peak.
Nov 06 15:00:49 bastion sudo[1397]:   jessie : TTY=pts/0 ; PWD=/home/gitops/.ssh ; USER=root ; COMMAND=/usr/bin/chown -R aptuser:aptuser /var/cache/apt-mirror
Nov 06 15:00:49 bastion sudo[1397]: pam_unix(sudo:session): session opened for user root(uid=0) by jessie(uid=1000)
Nov 06 15:00:49 bastion sudo[1397]: pam_unix(sudo:session): session closed for user root
Nov 06 15:01:09 bastion sudo[1401]:   jessie : TTY=pts/0 ; PWD=/home/gitops/.ssh ; USER=root ; COMMAND=/usr/bin/chmod 750 /var/cache/apt-mirror
Nov 06 15:01:09 bastion sudo[1401]: pam_unix(sudo:session): session opened for user root(uid=0) by jessie(uid=1000)
Nov 06 15:01:09 bastion sudo[1401]: pam_unix(sudo:session): session closed for user root
Nov 06 15:02:43 bastion sudo[1408]:   jessie : TTY=pts/0 ; PWD=/home/gitops/.ssh ; USER=root ; COMMAND=/usr/bin/apt update
Nov 06 15:02:43 bastion sudo[1408]: pam_unix(sudo:session): session opened for user root(uid=0) by jessie(uid=1000)
Nov 06 15:02:44 bastion sudo[1408]: pam_unix(sudo:session): session closed for user root
Nov 06 15:03:16 bastion sudo[1423]:   jessie : TTY=pts/0 ; PWD=/home/gitops/.ssh ; USER=root ; COMMAND=/usr/bin/apt install lynis nftables fail2ban auditd rsyslog
Nov 06 15:03:16 bastion sudo[1423]: pam_unix(sudo:session): session opened for user root(uid=0) by jessie(uid=1000)
Nov 06 15:03:38 bastion systemd[1]: Reload requested from client PID 1748 ('systemctl') (unit session-1.scope)...
Nov 06 15:03:38 bastion systemd[1]: Reloading...
Nov 06 15:03:38 bastion systemd[1]: Reloading finished in 148 ms.
Nov 06 15:03:38 bastion systemd[1]: Started lynis.timer - Daily timer for the Lynis security audit and vulnerability scanner.
Nov 06 15:03:39 bastion systemd[1]: Reload requested from client PID 1859 ('systemctl') (unit session-1.scope)...
Nov 06 15:03:39 bastion systemd[1]: Reloading...
Nov 06 15:03:39 bastion systemd[1]: Reloading finished in 143 ms.
Nov 06 15:03:39 bastion systemd[1]: Reload requested from client PID 1900 ('systemctl') (unit session-1.scope)...
Nov 06 15:03:39 bastion systemd[1]: Reloading...
Nov 06 15:03:39 bastion systemd[1]: Reloading finished in 157 ms.
Nov 06 15:03:40 bastion systemd[1]: Starting audit-rules.service - Load Audit Rules...
Nov 06 15:03:40 bastion augenrules[1936]: /usr/sbin/augenrules: No change
Nov 06 15:03:40 bastion augenrules[1951]: No rules
Nov 06 15:03:40 bastion augenrules[1951]: enabled 0
Nov 06 15:03:40 bastion augenrules[1951]: failure 1
Nov 06 15:03:40 bastion augenrules[1951]: pid 0
Nov 06 15:03:40 bastion augenrules[1951]: rate_limit 0
Nov 06 15:03:40 bastion augenrules[1951]: backlog_limit 8192
Nov 06 15:03:40 bastion augenrules[1951]: lost 0
Nov 06 15:03:40 bastion augenrules[1951]: backlog 0
Nov 06 15:03:40 bastion augenrules[1951]: backlog_wait_time 15000
Nov 06 15:03:40 bastion augenrules[1951]: backlog_wait_time_actual 0
Nov 06 15:03:40 bastion augenrules[1951]: enabled 0
Nov 06 15:03:40 bastion augenrules[1951]: failure 1
Nov 06 15:03:40 bastion augenrules[1951]: pid 0
Nov 06 15:03:40 bastion augenrules[1951]: rate_limit 0
Nov 06 15:03:40 bastion augenrules[1951]: backlog_limit 8192
Nov 06 15:03:40 bastion augenrules[1951]: lost 0
Nov 06 15:03:40 bastion augenrules[1951]: backlog 0
Nov 06 15:03:40 bastion augenrules[1951]: backlog_wait_time 15000
Nov 06 15:03:40 bastion augenrules[1951]: backlog_wait_time_actual 0
Nov 06 15:03:40 bastion augenrules[1951]: enabled 0
Nov 06 15:03:40 bastion augenrules[1951]: failure 1
Nov 06 15:03:40 bastion augenrules[1951]: pid 0
Nov 06 15:03:40 bastion augenrules[1951]: rate_limit 0
Nov 06 15:03:40 bastion augenrules[1951]: backlog_limit 8192
Nov 06 15:03:40 bastion augenrules[1951]: lost 0
Nov 06 15:03:40 bastion augenrules[1951]: backlog 0
Nov 06 15:03:40 bastion augenrules[1951]: backlog_wait_time 60000
Nov 06 15:03:40 bastion augenrules[1951]: backlog_wait_time_actual 0
Nov 06 15:03:40 bastion systemd[1]: audit-rules.service: Deactivated successfully.
Nov 06 15:03:40 bastion systemd[1]: Finished audit-rules.service - Load Audit Rules.
Nov 06 15:03:40 bastion systemd[1]: Starting auditd.service - Security Audit Logging Service...
Nov 06 15:03:40 bastion auditd[1960]: No plugins found, not dispatching events
Nov 06 15:03:40 bastion auditd[1960]: Init complete, auditd 4.0.2 listening for events (startup state enable)
Nov 06 15:03:40 bastion systemd[1]: Started auditd.service - Security Audit Logging Service.
Nov 06 15:03:40 bastion systemd[1]: Reload requested from client PID 1977 ('systemctl') (unit session-1.scope)...
Nov 06 15:03:40 bastion systemd[1]: Reloading...
Nov 06 15:03:40 bastion systemd[1]: Reloading finished in 142 ms.
Nov 06 15:03:41 bastion systemd[1]: Reload requested from client PID 2014 ('systemctl') (unit session-1.scope)...
Nov 06 15:03:41 bastion systemd[1]: Reloading...
Nov 06 15:03:41 bastion systemd[1]: Reloading finished in 158 ms.
Nov 06 15:03:41 bastion systemd[1]: Started fail2ban.service - Fail2Ban Service.
Nov 06 15:03:41 bastion fail2ban-server[2047]: Server ready
Nov 06 15:03:41 bastion systemd[1]: Reload requested from client PID 2079 ('systemctl') (unit session-1.scope)...
Nov 06 15:03:41 bastion systemd[1]: Reloading...
Nov 06 15:03:41 bastion systemd[1]: Reloading finished in 137 ms.
Nov 06 15:03:41 bastion systemd[1]: Listening on syslog.socket - Syslog Socket.
Nov 06 15:03:41 bastion systemd[1]: Starting rsyslog.service - System Logging Service...
Nov 06 15:03:42 bastion systemd[1]: Started rsyslog.service - System Logging Service.
Nov 06 15:03:42 bastion rsyslogd[2113]: imuxsock: Acquired UNIX socket '/run/systemd/journal/syslog' (fd 3) from systemd.  [v8.2504.0]
Nov 06 15:03:42 bastion rsyslogd[2113]: [origin software="rsyslogd" swVersion="8.2504.0" x-pid="2113" x-info="https://www.rsyslog.com"] start
Nov 06 15:03:43 bastion sudo[1423]: pam_unix(sudo:session): session closed for user root
Nov 06 15:04:16 bastion sudo[2155]:   jessie : TTY=pts/0 ; PWD=/home/gitops/.ssh ; USER=root ; COMMAND=/usr/bin/apt install openssh-server -y
Nov 06 15:04:16 bastion sudo[2155]: pam_unix(sudo:session): session opened for user root(uid=0) by jessie(uid=1000)
Nov 06 15:04:16 bastion sudo[2155]: pam_unix(sudo:session): session closed for user root
Nov 06 15:08:03 bastion kernel: usb 2-1: USB disconnect, device number 2
Nov 06 15:08:04 bastion kernel: usb 2-1: new full-speed USB device number 3 using ohci-pci
Nov 06 15:08:04 bastion dhcpcd[642]: enp0s3: carrier lost
Nov 06 15:08:04 bastion kernel: e1000: enp0s3 NIC Link is Down
Nov 06 15:08:04 bastion dhcpcd[642]: enp0s3: deleting address fe80::5a8a:44c1:3ac3:d2c1
Nov 06 15:08:04 bastion dhcpcd[642]: enp0s3: deleting route to 192.168.0.0/24
Nov 06 15:08:04 bastion dhcpcd[642]: enp0s3: deleting default route via 192.168.0.1
Nov 06 15:08:04 bastion kernel: usb 2-1: New USB device found, idVendor=80ee, idProduct=0021, bcdDevice= 1.00
Nov 06 15:08:04 bastion kernel: usb 2-1: New USB device strings: Mfr=1, Product=3, SerialNumber=0
Nov 06 15:08:04 bastion kernel: usb 2-1: Product: USB Tablet
Nov 06 15:08:04 bastion kernel: usb 2-1: Manufacturer: VirtualBox
Nov 06 15:08:04 bastion kernel: input: VirtualBox USB Tablet as /devices/pci0000:00/0000:00:06.0/usb2/2-1/2-1:1.0/0003:80EE:0021.0002/input/input9
Nov 06 15:08:04 bastion kernel: hid-generic 0003:80EE:0021.0002: input,hidraw0: USB HID v1.10 Mouse [VirtualBox USB Tablet] on usb-0000:00:06.0-1/input0
Nov 06 15:08:10 bastion dhcpcd[642]: enp0s3: carrier acquired
Nov 06 15:08:10 bastion kernel: e1000: enp0s3 NIC Link is Up 1000 Mbps Full Duplex, Flow Control: RX
Nov 06 15:08:10 bastion dhcpcd[642]: enp0s3: IAID 27:8c:3c:6f
Nov 06 15:08:10 bastion dhcpcd[642]: enp0s3: adding address fe80::5a8a:44c1:3ac3:d2c1
Nov 06 15:08:11 bastion dhcpcd[642]: enp0s3: rebinding lease of 192.168.0.62
Nov 06 15:08:11 bastion dhcpcd[642]: enp0s3: soliciting an IPv6 router
Nov 06 15:08:15 bastion dhcpcd[642]: enp0s3: probing address 192.168.0.62/24
Nov 06 15:08:19 bastion dhcpcd[642]: enp0s3: leased 192.168.0.62 for 3600 seconds
Nov 06 15:08:19 bastion dhcpcd[642]: enp0s3: adding route to 192.168.0.0/24
Nov 06 15:08:19 bastion dhcpcd[642]: enp0s3: adding default route via 192.168.0.1
Nov 06 15:08:23 bastion dhcpcd[642]: enp0s3: no IPv6 Routers available
-- Boot 81f23fcf2ee644e482d87bbe6ad7d07b --
Nov 06 15:21:00 bastion kernel: Linux version 6.12.48+deb13-amd64 (debian-kernel@lists.debian.org) (x86_64-linux-gnu-gcc-14 (Debian 14.2.0-19) 14.2.0, GNU ld (GNU Binutils for Debian) 2.44) #1 SMP PREEMPT_DYNAMIC Debian 6.12.48-1 (2025-09-20)
Nov 06 15:21:00 bastion kernel: Command line: BOOT_IMAGE=/boot/vmlinuz-6.12.48+deb13-amd64 root=UUID=0fd712d0-1aa0-4a59-a7ef-9dbf987e7d7e ro quiet
Nov 06 15:21:00 bastion kernel: BIOS-provided physical RAM map:
Nov 06 15:21:00 bastion kernel: BIOS-e820: [mem 0x0000000000000000-0x000000000009fbff] usable
Nov 06 15:21:00 bastion kernel: BIOS-e820: [mem 0x000000000009fc00-0x000000000009ffff] reserved
Nov 06 15:21:00 bastion kernel: BIOS-e820: [mem 0x00000000000f0000-0x00000000000fffff] reserved
Nov 06 15:21:00 bastion kernel: BIOS-e820: [mem 0x0000000000100000-0x000000003ffeffff] usable
Nov 06 15:21:00 bastion kernel: BIOS-e820: [mem 0x000000003fff0000-0x000000003fffffff] ACPI data
Nov 06 15:21:00 bastion kernel: BIOS-e820: [mem 0x00000000fec00000-0x00000000fec00fff] reserved
Nov 06 15:21:00 bastion kernel: BIOS-e820: [mem 0x00000000fee00000-0x00000000fee00fff] reserved
Nov 06 15:21:00 bastion kernel: BIOS-e820: [mem 0x00000000fffc0000-0x00000000ffffffff] reserved
Nov 06 15:21:00 bastion kernel: NX (Execute Disable) protection: active
Nov 06 15:21:00 bastion kernel: APIC: Static calls initialized
Nov 06 15:21:00 bastion kernel: SMBIOS 2.5 present.
Nov 06 15:21:00 bastion kernel: DMI: innotek GmbH VirtualBox/VirtualBox, BIOS VirtualBox 12/01/2006
Nov 06 15:21:00 bastion kernel: DMI: Memory slots populated: 0/0
Nov 06 15:21:00 bastion kernel: Hypervisor detected: KVM
Nov 06 15:21:00 bastion kernel: kvm-clock: Using msrs 4b564d01 and 4b564d00
Nov 06 15:21:00 bastion kernel: kvm-clock: using sched offset of 8461508396 cycles
Nov 06 15:21:00 bastion kernel: clocksource: kvm-clock: mask: 0xffffffffffffffff max_cycles: 0x1cd42e4dffb, max_idle_ns: 881590591483 ns
Nov 06 15:21:00 bastion kernel: tsc: Detected 2611.158 MHz processor
Nov 06 15:21:00 bastion kernel: e820: update [mem 0x00000000-0x00000fff] usable ==> reserved
Nov 06 15:21:00 bastion kernel: e820: remove [mem 0x000a0000-0x000fffff] usable
Nov 06 15:21:00 bastion kernel: last_pfn = 0x40000 max_arch_pfn = 0x400000000
Nov 06 15:21:00 bastion kernel: MTRR map: 4 entries (3 fixed + 1 variable; max 35), built from 16 variable MTRRs
Nov 06 15:21:00 bastion kernel: x86/PAT: Configuration [0-7]: WB  WC  UC- UC  WB  WP  UC- WT  
Nov 06 15:21:00 bastion kernel: found SMP MP-table at [mem 0x0009fbf0-0x0009fbff]
Nov 06 15:21:00 bastion kernel: RAMDISK: [mem 0x3212b000-0x3508cfff]
Nov 06 15:21:00 bastion kernel: ACPI: Early table checksum verification disabled
Nov 06 15:21:00 bastion kernel: ACPI: RSDP 0x00000000000E0000 000024 (v02 VBOX  )
Nov 06 15:21:00 bastion kernel: ACPI: XSDT 0x000000003FFF0030 00003C (v01 VBOX   VBOXXSDT 00000001 ASL  00000061)
Nov 06 15:21:00 bastion kernel: ACPI: FACP 0x000000003FFF00F0 0000F4 (v04 VBOX   VBOXFACP 00000001 ASL  00000061)
Nov 06 15:21:00 bastion kernel: ACPI: DSDT 0x000000003FFF02E0 002353 (v02 VBOX   VBOXBIOS 00000002 VBOX 000299F4)
Nov 06 15:21:00 bastion kernel: ACPI: FACS 0x000000003FFF0200 000040
Nov 06 15:21:00 bastion kernel: ACPI: FACS 0x000000003FFF0200 000040
Nov 06 15:21:00 bastion kernel: ACPI: APIC 0x000000003FFF0240 000054 (v02 VBOX   VBOXAPIC 00000001 ASL  00000061)
Nov 06 15:21:00 bastion kernel: ACPI: SSDT 0x000000003FFF02A0 000038 (v01 VBOX   VBOXCPUT 00000002 VBOX 000299F4)
Nov 06 15:21:00 bastion kernel: ACPI: Reserving FACP table memory at [mem 0x3fff00f0-0x3fff01e3]
Nov 06 15:21:00 bastion kernel: ACPI: Reserving DSDT table memory at [mem 0x3fff02e0-0x3fff2632]
Nov 06 15:21:00 bastion kernel: ACPI: Reserving FACS table memory at [mem 0x3fff0200-0x3fff023f]
Nov 06 15:21:00 bastion kernel: ACPI: Reserving FACS table memory at [mem 0x3fff0200-0x3fff023f]
Nov 06 15:21:00 bastion kernel: ACPI: Reserving APIC table memory at [mem 0x3fff0240-0x3fff0293]
Nov 06 15:21:00 bastion kernel: ACPI: Reserving SSDT table memory at [mem 0x3fff02a0-0x3fff02d7]
Nov 06 15:21:00 bastion kernel: No NUMA configuration found
Nov 06 15:21:00 bastion kernel: Faking a node at [mem 0x0000000000000000-0x000000003fffffff]
Nov 06 15:21:00 bastion kernel: NODE_DATA(0) allocated [mem 0x3ffc5680-0x3ffeffff]
Nov 06 15:21:00 bastion kernel: Zone ranges:
Nov 06 15:21:00 bastion kernel:   DMA      [mem 0x0000000000001000-0x0000000000ffffff]
Nov 06 15:21:00 bastion kernel:   DMA32    [mem 0x0000000001000000-0x000000003fffffff]
Nov 06 15:21:00 bastion kernel:   Normal   empty
Nov 06 15:21:00 bastion kernel:   Device   empty
Nov 06 15:21:00 bastion kernel: Movable zone start for each node
Nov 06 15:21:00 bastion kernel: Early memory node ranges
Nov 06 15:21:00 bastion kernel:   node   0: [mem 0x0000000000001000-0x000000000009efff]
Nov 06 15:21:00 bastion kernel:   node   0: [mem 0x0000000000100000-0x000000003ffeffff]
Nov 06 15:21:00 bastion kernel: Initmem setup node 0 [mem 0x0000000000001000-0x000000003ffeffff]
Nov 06 15:21:00 bastion kernel: On node 0, zone DMA: 1 pages in unavailable ranges
Nov 06 15:21:00 bastion kernel: On node 0, zone DMA: 97 pages in unavailable ranges
Nov 06 15:21:00 bastion kernel: On node 0, zone DMA32: 16 pages in unavailable ranges
Nov 06 15:21:00 bastion kernel: ACPI: PM-Timer IO Port: 0x4008
Nov 06 15:21:00 bastion kernel: IOAPIC[0]: apic_id 1, version 32, address 0xfec00000, GSI 0-23
Nov 06 15:21:00 bastion kernel: ACPI: INT_SRC_OVR (bus 0 bus_irq 0 global_irq 2 dfl dfl)
Nov 06 15:21:00 bastion kernel: ACPI: INT_SRC_OVR (bus 0 bus_irq 9 global_irq 9 low level)
Nov 06 15:21:00 bastion kernel: ACPI: Using ACPI (MADT) for SMP configuration information
